Archive member included to satisfy reference by file (symbol)

f:/programs(1tb)/mcuxpressoide_10.2.0_759/ide/tools/bin/../lib/gcc/arm-none-eabi/7.2.1/../../../../arm-none-eabi/lib/thumb/v7e-m/fpv4-sp/hard\libcr_c.a(memcpy.o)
                              ./source/fsm.o (memcpy)
f:/programs(1tb)/mcuxpressoide_10.2.0_759/ide/tools/bin/../lib/gcc/arm-none-eabi/7.2.1/../../../../arm-none-eabi/lib/thumb/v7e-m/fpv4-sp/hard\libcr_c.a(memset.o)
                              ./source/fsm.o (memset)
f:/programs(1tb)/mcuxpressoide_10.2.0_759/ide/tools/bin/../lib/gcc/arm-none-eabi/7.2.1/thumb/v7e-m/fpv4-sp/hard\libcr_eabihelpers.a(division_64.o)
                              ./source/rtos/uCOSIII/BSP/cpu_bsp.o (__aeabi_uldivmod)
f:/programs(1tb)/mcuxpressoide_10.2.0_759/ide/tools/bin/../lib/gcc/arm-none-eabi/7.2.1/thumb/v7e-m/fpv4-sp/hard\libcr_eabihelpers.a(division_idiv0.o)
                              f:/programs(1tb)/mcuxpressoide_10.2.0_759/ide/tools/bin/../lib/gcc/arm-none-eabi/7.2.1/thumb/v7e-m/fpv4-sp/hard\libcr_eabihelpers.a(division_64.o) (__aeabi_idiv0)
f:/programs(1tb)/mcuxpressoide_10.2.0_759/ide/tools/bin/../lib/gcc/arm-none-eabi/7.2.1/thumb/v7e-m/fpv4-sp/hard\libcr_eabihelpers.a(memcpy.o)
                              f:/programs(1tb)/mcuxpressoide_10.2.0_759/ide/tools/bin/../lib/gcc/arm-none-eabi/7.2.1/../../../../arm-none-eabi/lib/thumb/v7e-m/fpv4-sp/hard\libcr_c.a(memcpy.o) (__aeabi_memcpy)

Discarded input sections

 .group         0x00000000        0xc ./source/rtos/uCOSIII/src/uCOS-III/Source/os_cfg_app.o
 .group         0x00000000        0xc ./source/rtos/uCOSIII/src/uCOS-III/Source/os_cfg_app.o
 .group         0x00000000        0xc ./source/rtos/uCOSIII/src/uCOS-III/Source/os_cfg_app.o
 .group         0x00000000        0xc ./source/rtos/uCOSIII/src/uCOS-III/Source/os_cfg_app.o
 .group         0x00000000        0xc ./source/rtos/uCOSIII/src/uCOS-III/Source/os_cfg_app.o
 .group         0x00000000        0xc ./source/rtos/uCOSIII/src/uCOS-III/Source/os_cfg_app.o
 .group         0x00000000        0xc ./source/rtos/uCOSIII/src/uCOS-III/Source/os_cfg_app.o
 .group         0x00000000        0xc ./source/rtos/uCOSIII/src/uCOS-III/Source/os_cfg_app.o
 .group         0x00000000        0xc ./source/rtos/uCOSIII/src/uCOS-III/Source/os_cfg_app.o
 .group         0x00000000        0xc ./source/rtos/uCOSIII/src/uCOS-III/Source/os_cfg_app.o
 .group         0x00000000        0xc ./source/rtos/uCOSIII/src/uCOS-III/Source/os_cfg_app.o
 .group         0x00000000        0xc ./source/rtos/uCOSIII/src/uCOS-III/Source/os_cfg_app.o
 .text          0x00000000        0x0 ./source/rtos/uCOSIII/src/uCOS-III/Source/os_cfg_app.o
 .data          0x00000000        0x0 ./source/rtos/uCOSIII/src/uCOS-III/Source/os_cfg_app.o
 .bss           0x00000000        0x0 ./source/rtos/uCOSIII/src/uCOS-III/Source/os_cfg_app.o
 .rodata.OSCfg_IdleTaskStkSizeRAM
                0x00000000        0x4 ./source/rtos/uCOSIII/src/uCOS-III/Source/os_cfg_app.o
 .rodata.OSCfg_IntQBasePtr
                0x00000000        0x4 ./source/rtos/uCOSIII/src/uCOS-III/Source/os_cfg_app.o
 .rodata.OSCfg_IntQSize
                0x00000000        0x2 ./source/rtos/uCOSIII/src/uCOS-III/Source/os_cfg_app.o
 .rodata.OSCfg_IntQSizeRAM
                0x00000000        0x4 ./source/rtos/uCOSIII/src/uCOS-III/Source/os_cfg_app.o
 .rodata.OSCfg_IntQTaskStkBasePtr
                0x00000000        0x4 ./source/rtos/uCOSIII/src/uCOS-III/Source/os_cfg_app.o
 .rodata.OSCfg_IntQTaskStkLimit
                0x00000000        0x4 ./source/rtos/uCOSIII/src/uCOS-III/Source/os_cfg_app.o
 .rodata.OSCfg_IntQTaskStkSize
                0x00000000        0x4 ./source/rtos/uCOSIII/src/uCOS-III/Source/os_cfg_app.o
 .rodata.OSCfg_IntQTaskStkSizeRAM
                0x00000000        0x4 ./source/rtos/uCOSIII/src/uCOS-III/Source/os_cfg_app.o
 .rodata.OSCfg_ISRStkSizeRAM
                0x00000000        0x4 ./source/rtos/uCOSIII/src/uCOS-III/Source/os_cfg_app.o
 .rodata.OSCfg_MsgPoolSizeRAM
                0x00000000        0x4 ./source/rtos/uCOSIII/src/uCOS-III/Source/os_cfg_app.o
 .rodata.OSCfg_StatTaskStkSizeRAM
                0x00000000        0x4 ./source/rtos/uCOSIII/src/uCOS-III/Source/os_cfg_app.o
 .rodata.OSCfg_TickTaskStkSizeRAM
                0x00000000        0x4 ./source/rtos/uCOSIII/src/uCOS-III/Source/os_cfg_app.o
 .rodata.OSCfg_TmrTaskStkSizeRAM
                0x00000000        0x4 ./source/rtos/uCOSIII/src/uCOS-III/Source/os_cfg_app.o
 .rodata.OSCfg_DataSizeRAM
                0x00000000        0x4 ./source/rtos/uCOSIII/src/uCOS-III/Source/os_cfg_app.o
 .group         0x00000000        0xc ./source/rtos/uCOSIII/src/uCOS-III/Source/os_core.o
 .group         0x00000000        0xc ./source/rtos/uCOSIII/src/uCOS-III/Source/os_core.o
 .group         0x00000000        0xc ./source/rtos/uCOSIII/src/uCOS-III/Source/os_core.o
 .group         0x00000000        0xc ./source/rtos/uCOSIII/src/uCOS-III/Source/os_core.o
[...]
Memory Configuration

Name             Origin             Length             Attributes
PROGRAM_FLASH    0x00000000         0x00100000         xr
SRAM_UPPER       0x20000000         0x00030000         xrw
SRAM_LOWER       0x1fff0000         0x00010000         xrw
FLEX_RAM         0x14000000         0x00001000         xrw
*default*        0x00000000         0xffffffff

Linker script and memory map

LOAD ./source/rtos/uCOSIII/src/uCOS-III/Source/os_cfg_app.o
LOAD ./source/rtos/uCOSIII/src/uCOS-III/Source/os_core.o
LOAD ./source/rtos/uCOSIII/src/uCOS-III/Source/os_dbg.o
LOAD ./source/rtos/uCOSIII/src/uCOS-III/Source/os_flag.o
LOAD ./source/rtos/uCOSIII/src/uCOS-III/Source/os_int.o
LOAD ./source/rtos/uCOSIII/src/uCOS-III/Source/os_mem.o
LOAD ./source/rtos/uCOSIII/src/uCOS-III/Source/os_msg.o
LOAD ./source/rtos/uCOSIII/src/uCOS-III/Source/os_mutex.o
LOAD ./source/rtos/uCOSIII/src/uCOS-III/Source/os_pend_multi.o
LOAD ./source/rtos/uCOSIII/src/uCOS-III/Source/os_prio.o
LOAD ./source/rtos/uCOSIII/src/uCOS-III/Source/os_q.o
LOAD ./source/rtos/uCOSIII/src/uCOS-III/Source/os_sem.o
LOAD ./source/rtos/uCOSIII/src/uCOS-III/Source/os_stat.o
LOAD ./source/rtos/uCOSIII/src/uCOS-III/Source/os_task.o
LOAD ./source/rtos/uCOSIII/src/uCOS-III/Source/os_tick.o
LOAD ./source/rtos/uCOSIII/src/uCOS-III/Source/os_time.o
LOAD ./source/rtos/uCOSIII/src/uCOS-III/Source/os_tmr.o
LOAD ./source/rtos/uCOSIII/src/uCOS-III/Source/os_var.o
LOAD ./source/rtos/uCOSIII/src/uCOS-III/Ports/ARM-Cortex-M4/Generic/GNU/os_cpu_a.o
LOAD ./source/rtos/uCOSIII/src/uCOS-III/Ports/ARM-Cortex-M4/Generic/GNU/os_cpu_c.o
LOAD ./source/rtos/uCOSIII/src/uC-CPU/ARM-Cortex-M4/GNU/cpu_a.o
LOAD ./source/rtos/uCOSIII/src/uC-CPU/ARM-Cortex-M4/GNU/cpu_c.o
LOAD ./source/rtos/uCOSIII/src/uC-CPU/cpu_core.o
LOAD ./source/rtos/uCOSIII/BSP/cpu_bsp.o
LOAD ./source/drv_FRDM.o
LOAD ./source/drv_display.o
LOAD ./source/drv_leds.o
LOAD ./source/drv_switch.o
LOAD ./source/fsm.o
LOAD ./source/gpio.o
LOAD ./source/lectora.o
LOAD ./source/main.o
LOAD ./source/thingSpeakLib.o
LOAD ./source/timer.o
LOAD ./source/uart_drv.o
LOAD ./SDK/startup/hardware.o
LOAD ./SDK/startup/semihost_hardfault.o
LOAD ./SDK/startup/startup_mk64f12.o
LOAD ./SDK/CMSIS/system_MK64F12.o
START GROUP
LOAD f:/programs(1tb)/mcuxpressoide_10.2.0_759/ide/tools/bin/../lib/gcc/arm-none-eabi/7.2.1/../../../../arm-none-eabi/lib/thumb/v7e-m/fpv4-sp/hard\libcr_c.a
LOAD f:/programs(1tb)/mcuxpressoide_10.2.0_759/ide/tools/bin/../lib/gcc/arm-none-eabi/7.2.1/thumb/v7e-m/fpv4-sp/hard\libcr_eabihelpers.a
END GROUP
                0x00000000                __base_PROGRAM_FLASH = 0x0
                0x00000000                __base_Flash = 0x0
                0x00100000                __top_PROGRAM_FLASH = 0x100000
                0x00100000                __top_Flash = 0x100000
                0x20000000                __base_SRAM_UPPER = 0x20000000
                0x20000000                __base_RAM = 0x20000000
                0x20030000                __top_SRAM_UPPER = 0x20030000
                0x20030000                __top_RAM = 0x20030000
                0x1fff0000                __base_SRAM_LOWER = 0x1fff0000
                0x1fff0000                __base_RAM2 = 0x1fff0000
                0x20000000                __top_SRAM_LOWER = 0x20000000
                0x20000000                __top_RAM2 = 0x20000000
                0x14000000                __base_FLEX_RAM = 0x14000000
                0x14000000                __base_RAM3 = 0x14000000
                0x14001000                __top_FLEX_RAM = 0x14001000
                0x14001000                __top_RAM3 = 0x14001000

.text           0x00000000     0x81d8
 FILL mask 0xff
                0x00000000                __vectors_start__ = ABSOLUTE (.)
 *(SORT_BY_ALIGNMENT(.isr_vector))
 .isr_vector    0x00000000      0x198 ./SDK/startup/startup_mk64f12.o
                0x00000000                g_pfnVectors
                0x00000000                __Vectors
                0x00000198                . = ALIGN (0x4)
                0x00000198                __section_table_start = .
                0x00000198                __data_section_table = .
                0x00000198        0x4 LONG 0x81d8 LOADADDR (.data)
                0x0000019c        0x4 LONG 0x20000000 ADDR (.data)
                0x000001a0        0x4 LONG 0xb30 SIZEOF (.data)
                0x000001a4        0x4 LONG 0x81d8 LOADADDR (.data_RAM2)
                0x000001a8        0x4 LONG 0x1fff0000 ADDR (.data_RAM2)
                0x000001ac        0x4 LONG 0x0 SIZEOF (.data_RAM2)
                0x000001b0        0x4 LONG 0x81d8 LOADADDR (.data_RAM3)
                0x000001b4        0x4 LONG 0x14000000 ADDR (.data_RAM3)
                0x000001b8        0x4 LONG 0x0 SIZEOF (.data_RAM3)
                0x000001bc                __data_section_table_end = .
                0x000001bc                __bss_section_table = .
                0x000001bc        0x4 LONG 0x20000b30 ADDR (.bss)
                0x000001c0        0x4 LONG 0x3bb8 SIZEOF (.bss)
                0x000001c4        0x4 LONG 0x1fff0000 ADDR (.bss_RAM2)
                0x000001c8        0x4 LONG 0x0 SIZEOF (.bss_RAM2)
                0x000001cc        0x4 LONG 0x14000000 ADDR (.bss_RAM3)
                0x000001d0        0x4 LONG 0x0 SIZEOF (.bss_RAM3)
                0x000001d4                __bss_section_table_end = .
                0x000001d4                __section_table_end = .
 *(SORT_BY_ALIGNMENT(.after_vectors*))
 .after_vectors.reset
                0x000001d4       0x4c ./SDK/startup/startup_mk64f12.o
                0x000001d4                ResetISR
 .after_vectors.init_data
                0x00000220       0x1e ./SDK/startup/startup_mk64f12.o
                0x00000220                data_init
 .after_vectors.init_bss
                0x0000023e       0x12 ./SDK/startup/startup_mk64f12.o
                0x0000023e                bss_init
 .after_vectors
                0x00000250       0x14 ./SDK/startup/startup_mk64f12.o
                0x00000250                NMI_Handler
                0x00000254                MemManage_Handler
                0x00000256                BusFault_Handler
                0x00000258                UsageFault_Handler
                0x0000025a                SVC_Handler
                0x0000025c                DebugMon_Handler
                0x00000262                DMA_Error_DriverIRQHandler
                0x00000262                LPTMR0_DriverIRQHandler
                0x00000262                FTM1_DriverIRQHandler
                0x00000262                FTM2_DriverIRQHandler
                0x00000262                PIT2_DriverIRQHandler
                0x00000262                SDHC_DriverIRQHandler
                0x00000262                I2S0_Tx_DriverIRQHandler
                0x00000262                RTC_Seconds_DriverIRQHandler
                0x00000262                DMA6_DriverIRQHandler
                0x00000262                LLWU_DriverIRQHandler
                0x00000262                MCM_DriverIRQHandler
                0x00000262                MCG_DriverIRQHandler
                0x00000262                ENET_1588_Timer_DriverIRQHandler
                0x00000262                I2C2_DriverIRQHandler
                0x00000262                DAC1_DriverIRQHandler
                0x00000262                SPI1_DriverIRQHandler
                0x00000262                CMP1_DriverIRQHandler
                0x00000262                UART5_RX_TX_DriverIRQHandler
                0x00000262                FTM0_DriverIRQHandler
                0x00000262                IntDefaultHandler
                0x00000262                USB0_DriverIRQHandler
                0x00000262                UART5_ERR_DriverIRQHandler
                0x00000262                PORTC_DriverIRQHandler
                0x00000262                DMA11_DriverIRQHandler
                0x00000262                DAC0_DriverIRQHandler
                0x00000262                DMA10_DriverIRQHandler
                0x00000262                CMP2_DriverIRQHandler
                0x00000262                UART2_ERR_DriverIRQHandler
                0x00000262                SPI2_DriverIRQHandler
                0x00000262                LVD_LVW_DriverIRQHandler
                0x00000262                PIT0_DriverIRQHandler
                0x00000262                RNG_DriverIRQHandler
                0x00000262                DMA5_DriverIRQHandler
                0x00000262                DMA12_DriverIRQHandler
                0x00000262                UART2_RX_TX_DriverIRQHandler
                0x00000262                USBDCD_DriverIRQHandler
                0x00000262                UART3_ERR_DriverIRQHandler
                0x00000262                DMA3_DriverIRQHandler
                0x00000262                DMA8_DriverIRQHandler
                0x00000262                DMA9_DriverIRQHandler
                0x00000262                UART0_ERR_DriverIRQHandler
                0x00000262                CMT_DriverIRQHandler
                0x00000262                Reserved71_DriverIRQHandler
                0x00000262                ADC1_DriverIRQHandler
                0x00000262                PORTA_DriverIRQHandler
                0x00000262                DMA14_DriverIRQHandler
                0x00000262                PIT3_DriverIRQHandler
                0x00000262                PIT1_DriverIRQHandler
                0x00000262                WDOG_EWM_DriverIRQHandler
                0x00000262                PDB0_DriverIRQHandler
                0x00000262                RTC_DriverIRQHandler
                0x00000262                I2S0_Rx_DriverIRQHandler
                0x00000262                Read_Collision_DriverIRQHandler
                0x00000262                SWI_DriverIRQHandler
                0x00000262                UART4_RX_TX_DriverIRQHandler
                0x00000262                UART4_ERR_DriverIRQHandler
                0x00000262                PORTB_DriverIRQHandler
                0x00000262                UART0_LON_DriverIRQHandler
                0x00000262                DMA0_DriverIRQHandler
                0x00000262                DMA1_DriverIRQHandler
                0x00000262                I2C1_DriverIRQHandler
                0x00000262                UART3_RX_TX_DriverIRQHandler
                0x00000262                ENET_Receive_DriverIRQHandler
                0x00000262                DMA13_DriverIRQHandler
                0x00000262                ENET_Error_DriverIRQHandler
                0x00000262                DMA15_DriverIRQHandler
                0x00000262                UART0_RX_TX_DriverIRQHandler
                0x00000262                SPI0_DriverIRQHandler
                0x00000262                ADC0_DriverIRQHandler
                0x00000262                CMP0_DriverIRQHandler
                0x00000262                CAN0_DriverIRQHandler
                0x00000262                FTM3_DriverIRQHandler
                0x00000262                DMA4_DriverIRQHandler
                0x00000262                UART1_ERR_DriverIRQHandler
                0x00000262                DMA2_DriverIRQHandler
                0x00000262                ENET_Transmit_DriverIRQHandler
                0x00000262                PORTD_DriverIRQHandler
                0x00000262                PORTE_DriverIRQHandler
                0x00000262                FTFE_DriverIRQHandler
                0x00000262                I2C0_DriverIRQHandler
                0x00000262                DMA7_DriverIRQHandler
                0x00000262                UART1_RX_TX_DriverIRQHandler
                0x00000400                . = 0x400
 *fill*         0x00000264      0x19c ff
                0x00000400                PROVIDE (__FLASH_CONFIG_START__, .)
 *(SORT_BY_ALIGNMENT(.FlashConfig))
 .FlashConfig   0x00000400       0x10 ./SDK/startup/startup_mk64f12.o
                0x00000400                Flash_Config
                0x00000410                PROVIDE (__FLASH_CONFIG_END__, .)
                0x00000001                ASSERT (! ((__FLASH_CONFIG_START__ == __FLASH_CONFIG_END__)), Linker Flash Config Support Enabled, but no .FlashConfig section provided within application)
 *(SORT_BY_ALIGNMENT(.text*))
 .text.OSInit   0x00000410      0x1ec ./source/rtos/uCOSIII/src/uCOS-III/Source/os_core.o
                0x00000410                OSInit
 .text.OSIntEnter
                0x000005fc       0x38 ./source/rtos/uCOSIII/src/uCOS-III/Source/os_core.o
                0x000005fc                OSIntEnter
 .text.OSIntExit
                0x00000634       0xd8 ./source/rtos/uCOSIII/src/uCOS-III/Source/os_core.o
                0x00000634                OSIntExit
 .text.OSSched  0x0000070c       0xa8 ./source/rtos/uCOSIII/src/uCOS-III/Source/os_core.o
                0x0000070c                OSSched
 .text.OSSchedLock
                0x000007b4       0x74 ./source/rtos/uCOSIII/src/uCOS-III/Source/os_core.o
                0x000007b4                OSSchedLock
 .text.OSSchedUnlock
                0x00000828       0x90 ./source/rtos/uCOSIII/src/uCOS-III/Source/os_core.o
                0x00000828                OSSchedUnlock
 .text.OSSchedRoundRobinCfg
                0x000008b8       0x70 ./source/rtos/uCOSIII/src/uCOS-III/Source/os_core.o
                0x000008b8                OSSchedRoundRobinCfg
 .text.OSStart  0x00000928       0x80 ./source/rtos/uCOSIII/src/uCOS-III/Source/os_core.o
                0x00000928                OSStart
 .text.OS_IdleTask
                0x000009a8       0x3c ./source/rtos/uCOSIII/src/uCOS-III/Source/os_core.o
                0x000009a8                OS_IdleTask
 .text.OS_IdleTaskInit
                0x000009e4       0x68 ./source/rtos/uCOSIII/src/uCOS-III/Source/os_core.o
                0x000009e4                OS_IdleTaskInit
 .text.OS_Pend  0x00000a4c       0x84 ./source/rtos/uCOSIII/src/uCOS-III/Source/os_core.o
                0x00000a4c                OS_Pend
 .text.OS_PendDbgNameAdd
                0x00000ad0       0x7c ./source/rtos/uCOSIII/src/uCOS-III/Source/os_core.o
                0x00000ad0                OS_PendDbgNameAdd
 .text.OS_PendDbgNameRemove
                0x00000b4c       0x4c ./source/rtos/uCOSIII/src/uCOS-III/Source/os_core.o
                0x00000b4c                OS_PendDbgNameRemove
 .text.OS_Post  0x00000b98      0x130 ./source/rtos/uCOSIII/src/uCOS-III/Source/os_core.o
                0x00000b98                OS_Post
 .text.OS_RdyListInit
                0x00000cc8       0x4c ./source/rtos/uCOSIII/src/uCOS-III/Source/os_core.o
                0x00000cc8                OS_RdyListInit
 .text.OS_RdyListInsert
                0x00000d14       0x3c ./source/rtos/uCOSIII/src/uCOS-III/Source/os_core.o
                0x00000d14                OS_RdyListInsert
 .text.OS_RdyListInsertHead
                0x00000d50       0x84 ./source/rtos/uCOSIII/src/uCOS-III/Source/os_core.o
                0x00000d50                OS_RdyListInsertHead
 .text.OS_RdyListInsertTail
                0x00000dd4       0x80 ./source/rtos/uCOSIII/src/uCOS-III/Source/os_core.o
                0x00000dd4                OS_RdyListInsertTail
 .text.OS_RdyListRemove
                0x00000e54       0xb0 ./source/rtos/uCOSIII/src/uCOS-III/Source/os_core.o
                0x00000e54                OS_RdyListRemove
 .text.OS_SchedRoundRobin
                0x00000f04       0xc8 ./source/rtos/uCOSIII/src/uCOS-III/Source/os_core.o
                0x00000f04                OS_SchedRoundRobin
 .text.OS_TaskBlock
                0x00000fcc       0x40 ./source/rtos/uCOSIII/src/uCOS-III/Source/os_core.o
                0x00000fcc                OS_TaskBlock
 .text.OS_Dbg_Init
                0x0000100c      0x23c ./source/rtos/uCOSIII/src/uCOS-III/Source/os_dbg.o
                0x0000100c                OS_Dbg_Init
 .text.OS_FlagInit
                0x00001248       0x30 ./source/rtos/uCOSIII/src/uCOS-III/Source/os_flag.o
                0x00001248                OS_FlagInit
 .text.OS_MemInit
                0x00001278       0x30 ./source/rtos/uCOSIII/src/uCOS-III/Source/os_mem.o
                0x00001278                OS_MemInit
 .text.OS_MsgPoolInit
                0x000012a8       0xd0 ./source/rtos/uCOSIII/src/uCOS-III/Source/os_msg.o
                0x000012a8                OS_MsgPoolInit
 .text.OS_MsgQFreeAll
                0x00001378       0x78 ./source/rtos/uCOSIII/src/uCOS-III/Source/os_msg.o
                0x00001378                OS_MsgQFreeAll
 .text.OSMutexCreate
                0x000013f0       0x98 ./source/rtos/uCOSIII/src/uCOS-III/Source/os_mutex.o
                0x000013f0                OSMutexCreate
 .text.OSMutexPend
                0x00001488      0x210 ./source/rtos/uCOSIII/src/uCOS-III/Source/os_mutex.o
                0x00001488                OSMutexPend
 .text.OSMutexPost
                0x00001698      0x1b8 ./source/rtos/uCOSIII/src/uCOS-III/Source/os_mutex.o
                0x00001698                OSMutexPost
 .text.OS_MutexDbgListAdd
                0x00001850       0x50 ./source/rtos/uCOSIII/src/uCOS-III/Source/os_mutex.o
                0x00001850                OS_MutexDbgListAdd
 .text.OS_MutexInit
                0x000018a0       0x30 ./source/rtos/uCOSIII/src/uCOS-III/Source/os_mutex.o
                0x000018a0                OS_MutexInit
 .text.OS_PrioInit
                0x000018d0       0x34 ./source/rtos/uCOSIII/src/uCOS-III/Source/os_prio.o
                0x000018d0                OS_PrioInit
 .text.OS_PrioGetHighest
                0x00001904       0x48 ./source/rtos/uCOSIII/src/uCOS-III/Source/os_prio.o
                0x00001904                OS_PrioGetHighest
 .text.OS_PrioInsert
                0x0000194c       0x50 ./source/rtos/uCOSIII/src/uCOS-III/Source/os_prio.o
                0x0000194c                OS_PrioInsert
 .text.OS_PrioRemove
                0x0000199c       0x50 ./source/rtos/uCOSIII/src/uCOS-III/Source/os_prio.o
                0x0000199c                OS_PrioRemove
 .text.OSQCreate
                0x000019ec       0xa0 ./source/rtos/uCOSIII/src/uCOS-III/Source/os_q.o
                0x000019ec                OSQCreate
 .text.OS_QDbgListAdd
                0x00001a8c       0x50 ./source/rtos/uCOSIII/src/uCOS-III/Source/os_q.o
                0x00001a8c                OS_QDbgListAdd
 .text.OS_QInit
                0x00001adc       0x30 ./source/rtos/uCOSIII/src/uCOS-III/Source/os_q.o
                0x00001adc                OS_QInit
 .text.OSSemCreate
                0x00001b0c       0x8c ./source/rtos/uCOSIII/src/uCOS-III/Source/os_sem.o
                0x00001b0c                OSSemCreate
 .text.OSSemPend
                0x00001b98      0x1c8 ./source/rtos/uCOSIII/src/uCOS-III/Source/os_sem.o
                0x00001b98                OSSemPend
 .text.OSSemPost
                0x00001d60       0x84 ./source/rtos/uCOSIII/src/uCOS-III/Source/os_sem.o
                0x00001d60                OSSemPost
 .text.OS_SemDbgListAdd
                0x00001de4       0x50 ./source/rtos/uCOSIII/src/uCOS-III/Source/os_sem.o
                0x00001de4                OS_SemDbgListAdd
 .text.OS_SemInit
                0x00001e34       0x30 ./source/rtos/uCOSIII/src/uCOS-III/Source/os_sem.o
                0x00001e34                OS_SemInit
 .text.OSStatReset
                0x00001e64      0x118 ./source/rtos/uCOSIII/src/uCOS-III/Source/os_stat.o
                0x00001e64                OSStatReset
 .text.OSStatTaskCPUUsageInit
                0x00001f7c       0xfc ./source/rtos/uCOSIII/src/uCOS-III/Source/os_stat.o
                0x00001f7c                OSStatTaskCPUUsageInit
 .text.OS_StatTask
                0x00002078      0x310 ./source/rtos/uCOSIII/src/uCOS-III/Source/os_stat.o
                0x00002078                OS_StatTask
 .text.OS_StatTaskInit
                0x00002388       0xd4 ./source/rtos/uCOSIII/src/uCOS-III/Source/os_stat.o
                0x00002388                OS_StatTaskInit
 .text.OSTaskCreate
                0x0000245c      0x21c ./source/rtos/uCOSIII/src/uCOS-III/Source/os_task.o
                0x0000245c                OSTaskCreate
 .text.OSTaskDel
                0x00002678      0x1dc ./source/rtos/uCOSIII/src/uCOS-III/Source/os_task.o
                0x00002678                OSTaskDel
 .text.OSTaskResume
                0x00002854       0x64 ./source/rtos/uCOSIII/src/uCOS-III/Source/os_task.o
                0x00002854                OSTaskResume
 .text.OSTaskSemPend
                0x000028b8      0x1d4 ./source/rtos/uCOSIII/src/uCOS-III/Source/os_task.o
                0x000028b8                OSTaskSemPend
 .text.OSTaskStkChk
                0x00002a8c       0xf0 ./source/rtos/uCOSIII/src/uCOS-III/Source/os_task.o
                0x00002a8c                OSTaskStkChk
 .text.OSTaskSuspend
                0x00002b7c       0x44 ./source/rtos/uCOSIII/src/uCOS-III/Source/os_task.o
                0x00002b7c                OSTaskSuspend
 .text.OS_TaskDbgListAdd
                0x00002bc0       0x4c ./source/rtos/uCOSIII/src/uCOS-III/Source/os_task.o
                0x00002bc0                OS_TaskDbgListAdd
 .text.OS_TaskDbgListRemove
                0x00002c0c       0x84 ./source/rtos/uCOSIII/src/uCOS-III/Source/os_task.o
                0x00002c0c                OS_TaskDbgListRemove
 .text.OS_TaskInit
                0x00002c90       0x38 ./source/rtos/uCOSIII/src/uCOS-III/Source/os_task.o
                0x00002c90                OS_TaskInit
 .text.OS_TaskInitTCB
                0x00002cc8      0x1a0 ./source/rtos/uCOSIII/src/uCOS-III/Source/os_task.o
                0x00002cc8                OS_TaskInitTCB
 .text.OS_TaskResume
                0x00002e68      0x124 ./source/rtos/uCOSIII/src/uCOS-III/Source/os_task.o
                0x00002e68                OS_TaskResume
 .text.OS_TaskReturn
                0x00002f8c       0x28 ./source/rtos/uCOSIII/src/uCOS-III/Source/os_task.o
                0x00002f8c                OS_TaskReturn
 .text.OS_TaskSemPost
                0x00002fb4      0x128 ./source/rtos/uCOSIII/src/uCOS-III/Source/os_task.o
                0x00002fb4                OS_TaskSemPost
 .text.OS_TaskSuspend
                0x000030dc      0x118 ./source/rtos/uCOSIII/src/uCOS-III/Source/os_task.o
                0x000030dc                OS_TaskSuspend
 .text.OS_TaskChangePrio
                0x000031f4      0x148 ./source/rtos/uCOSIII/src/uCOS-III/Source/os_task.o
                0x000031f4                OS_TaskChangePrio
 .text.OS_TickTask
                0x0000333c       0x64 ./source/rtos/uCOSIII/src/uCOS-III/Source/os_tick.o
                0x0000333c                OS_TickTask
 .text.OS_TickTaskInit
                0x000033a0       0xd8 ./source/rtos/uCOSIII/src/uCOS-III/Source/os_tick.o
                0x000033a0                OS_TickTaskInit
 .text.OS_TickListInsertDly
                0x00003478      0x108 ./source/rtos/uCOSIII/src/uCOS-III/Source/os_tick.o
                0x00003478                OS_TickListInsertDly
 .text.OS_TickListUpdateDly
                0x00003580       0xbc ./source/rtos/uCOSIII/src/uCOS-III/Source/os_tick.o
 .text.OS_TickListUpdateTimeout
                0x0000363c      0x158 ./source/rtos/uCOSIII/src/uCOS-III/Source/os_tick.o
 .text.OSTimeDly
                0x00003794       0xd8 ./source/rtos/uCOSIII/src/uCOS-III/Source/os_time.o
                0x00003794                OSTimeDly
 .text.OSTimeTick
                0x0000386c       0x74 ./source/rtos/uCOSIII/src/uCOS-III/Source/os_time.o
                0x0000386c                OSTimeTick
 .text.OS_TmrInit
                0x000038e0      0x138 ./source/rtos/uCOSIII/src/uCOS-III/Source/os_tmr.o
                0x000038e0                OS_TmrInit
 .text.OS_TmrUnlink
                0x00003a18       0x80 ./source/rtos/uCOSIII/src/uCOS-III/Source/os_tmr.o
                0x00003a18                OS_TmrUnlink
 .text.OS_TmrTask
                0x00003a98       0xc8 ./source/rtos/uCOSIII/src/uCOS-III/Source/os_tmr.o
                0x00003a98                OS_TmrTask
 .text.OS_TmrLock
                0x00003b60       0x24 ./source/rtos/uCOSIII/src/uCOS-III/Source/os_tmr.o
 .text.OS_TmrUnlock
                0x00003b84       0x20 ./source/rtos/uCOSIII/src/uCOS-III/Source/os_tmr.o
 .text          0x00003ba4       0xfc ./source/rtos/uCOSIII/src/uCOS-III/Ports/ARM-Cortex-M4/Generic/GNU/os_cpu_a.o
                0x00003ba4                OS_CPU_FP_Reg_Push
                0x00003bb6                OS_CPU_FP_Reg_Pop
                0x00003bc2                OSStartHighRdy
                0x00003c32                OSCtxSw
                0x00003c3c                OSIntCtxSw
                0x00003c46                PendSV_Handler
 .text.OSIdleTaskHook
                0x00003ca0       0x1c ./source/rtos/uCOSIII/src/uCOS-III/Ports/ARM-Cortex-M4/Generic/GNU/os_cpu_c.o
                0x00003ca0                OSIdleTaskHook
 .text.OSInitHook
                0x00003cbc       0x38 ./source/rtos/uCOSIII/src/uCOS-III/Ports/ARM-Cortex-M4/Generic/GNU/os_cpu_c.o
                0x00003cbc                OSInitHook
 .text.OSStatTaskHook
                0x00003cf4       0x1c ./source/rtos/uCOSIII/src/uCOS-III/Ports/ARM-Cortex-M4/Generic/GNU/os_cpu_c.o
                0x00003cf4                OSStatTaskHook
 .text.OSTaskCreateHook
                0x00003d10       0x24 ./source/rtos/uCOSIII/src/uCOS-III/Ports/ARM-Cortex-M4/Generic/GNU/os_cpu_c.o
                0x00003d10                OSTaskCreateHook
 .text.OSTaskDelHook
                0x00003d34       0x24 ./source/rtos/uCOSIII/src/uCOS-III/Ports/ARM-Cortex-M4/Generic/GNU/os_cpu_c.o
                0x00003d34                OSTaskDelHook
 .text.OSTaskReturnHook
                0x00003d58       0x24 ./source/rtos/uCOSIII/src/uCOS-III/Ports/ARM-Cortex-M4/Generic/GNU/os_cpu_c.o
                0x00003d58                OSTaskReturnHook
 .text.OSTaskStkInit
                0x00003d7c      0x34c ./source/rtos/uCOSIII/src/uCOS-III/Ports/ARM-Cortex-M4/Generic/GNU/os_cpu_c.o
                0x00003d7c                OSTaskStkInit
 .text.OSTaskSwHook
                0x000040c8       0xa8 ./source/rtos/uCOSIII/src/uCOS-III/Ports/ARM-Cortex-M4/Generic/GNU/os_cpu_c.o
                0x000040c8                OSTaskSwHook
 .text.OSTimeTickHook
                0x00004170       0x1c ./source/rtos/uCOSIII/src/uCOS-III/Ports/ARM-Cortex-M4/Generic/GNU/os_cpu_c.o
                0x00004170                OSTimeTickHook
 .text.OS_CPU_SysTickInit
                0x0000418c       0x54 ./source/rtos/uCOSIII/src/uCOS-III/Ports/ARM-Cortex-M4/Generic/GNU/os_cpu_c.o
                0x0000418c                OS_CPU_SysTickInit
 .text          0x000041e0       0x34 ./source/rtos/uCOSIII/src/uC-CPU/ARM-Cortex-M4/GNU/cpu_a.o
                0x000041e0                CPU_IntDis
                0x000041e4                CPU_IntEn
                0x000041e8                CPU_SR_Save
                0x000041f0                CPU_SR_Restore
                0x000041f6                CPU_WaitForInt
                0x000041fa                CPU_WaitForExcept
                0x000041fe                CPU_CntLeadZeros
                0x00004204                CPU_CntTrailZeros
                0x0000420e                CPU_RevBits
 .text.CPU_TS_TmrFreqSet
                0x00004214       0x20 ./source/rtos/uCOSIII/src/uC-CPU/cpu_core.o
                0x00004214                CPU_TS_TmrFreqSet
 .text.CPU_TS_Init
                0x00004234       0x18 ./source/rtos/uCOSIII/src/uC-CPU/cpu_core.o
 .text.CPU_TS_TmrInit
                0x0000424c       0x48 ./source/rtos/uCOSIII/BSP/cpu_bsp.o
                0x0000424c                CPU_TS_TmrInit
 .text.DRV_FRDM_Init_LEDs
                0x00004294       0x48 ./source/drv_FRDM.o
                0x00004294                DRV_FRDM_Init_LEDs
 .text.turnOn_Secs_RED
                0x000042dc       0x34 ./source/drv_FRDM.o
                0x000042dc                turnOn_Secs_RED
 .text.turnOn_Secs_GREEN
                0x00004310       0x34 ./source/drv_FRDM.o
                0x00004310                turnOn_Secs_GREEN
 .text.DRV_Init_Display
                0x00004344       0x78 ./source/drv_display.o
                0x00004344                DRV_Init_Display
 .text.print2display
                0x000043bc       0x3c ./source/drv_display.o
                0x000043bc                print2display
 .text.setPointer
                0x000043f8       0x20 ./source/drv_display.o
                0x000043f8                setPointer
 .text.changeBright
                0x00004418       0x68 ./source/drv_display.o
                0x00004418                changeBright
 .text.refreshDisplay
                0x00004480       0x5c ./source/drv_display.o
 .text.sendChar
                0x000044dc       0xbc ./source/drv_display.o
 .text.set7Seg  0x00004598       0x64 ./source/drv_display.o
 .text.setDigit
                0x000045fc       0x50 ./source/drv_display.o
 .text.DRV_Init_LEDs
                0x0000464c       0x30 ./source/drv_leds.o
                0x0000464c                DRV_Init_LEDs
 .text.printStatus
                0x0000467c       0x48 ./source/drv_leds.o
 .text.changeState
                0x000046c4       0x20 ./source/drv_leds.o
                0x000046c4                changeState
 .text.DRV_Init_Switch
                0x000046e4       0x7c ./source/drv_switch.o
                0x000046e4                DRV_Init_Switch
 .text.getEvent
                0x00004760       0x28 ./source/drv_switch.o
                0x00004760                getEvent
 .text.IRQ_RchA
                0x00004788       0x50 ./source/drv_switch.o
 .text.makeTurn
                0x000047d8       0x40 ./source/drv_switch.o
 .text.IRQ_RSwitch
                0x00004818       0x3c ./source/drv_switch.o
 .text.btnPressed
                0x00004854       0xdc ./source/drv_switch.o
 .text.clearScreenId
                0x00004930       0x54 ./source/fsm.o
                0x00004930                clearScreenId
 .text.clearScreenPass
                0x00004984       0x68 ./source/fsm.o
                0x00004984                clearScreenPass
 .text.loadUsers
                0x000049ec       0x74 ./source/fsm.o
                0x000049ec                loadUsers
 .text.FSM_Run  0x00004a60       0x60 ./source/fsm.o
                0x00004a60                FSM_Run
 .text.read_event
                0x00004ac0       0x48 ./source/fsm.o
                0x00004ac0                read_event
 .text.lectora_process
                0x00004b08       0x74 ./source/fsm.o
                0x00004b08                lectora_process
 .text.encoder_process
                0x00004b7c       0x98 ./source/fsm.o
                0x00004b7c                encoder_process
 .text.wait_derivate
                0x00004c14       0x8c ./source/fsm.o
                0x00004c14                wait_derivate
 .text.password_derivate
                0x00004ca0       0x74 ./source/fsm.o
                0x00004ca0                password_derivate
 .text.block_derivate
                0x00004d14       0x48 ./source/fsm.o
                0x00004d14                block_derivate
 .text.wait_carderror_handler
                0x00004d5c       0x3c ./source/fsm.o
                0x00004d5c                wait_carderror_handler
 .text.wait_turn_handler
                0x00004d98      0x118 ./source/fsm.o
                0x00004d98                wait_turn_handler
 .text.wait_press_handler
                0x00004eb0       0x2c ./source/fsm.o
                0x00004eb0                wait_press_handler
 .text.wait_doublepress_handler
                0x00004edc      0x184 ./source/fsm.o
                0x00004edc                wait_doublepress_handler
 .text.wait_pass_handler
                0x00005060       0xdc ./source/fsm.o
                0x00005060                wait_pass_handler
 .text.password_turn_handler
                0x0000513c      0x164 ./source/fsm.o
                0x0000513c                password_turn_handler
 .text.password_press_handler
                0x000052a0       0x2c ./source/fsm.o
                0x000052a0                password_press_handler
 .text.password_doublepress_handler
                0x000052cc      0x248 ./source/fsm.o
                0x000052cc                password_doublepress_handler
 .text.clearUser
                0x00005514       0x50 ./source/fsm.o
                0x00005514                clearUser
 .text.printDisplay
                0x00005564       0x98 ./source/fsm.o
                0x00005564                printDisplay
 .text.printDisplayPassword
                0x000055fc       0xc8 ./source/fsm.o
                0x000055fc                printDisplayPassword
 .text.saveNewUserId
                0x000056c4       0x60 ./source/fsm.o
                0x000056c4                saveNewUserId
 .text.get_floor_state
                0x00005724       0x5c ./source/fsm.o
                0x00005724                get_floor_state
 .text.__NVIC_EnableIRQ
                0x00005780       0x3c ./source/gpio.o
 .text.__NVIC_SetPriority
                0x000057bc       0x54 ./source/gpio.o
 .text.gpioIRQ  0x00005810      0x168 ./source/gpio.o
                0x00005810                gpioIRQ
 .text.pinMode  0x00005978       0xfc ./source/gpio.o
 .text.init_clk
                0x00005a74       0x38 ./source/gpio.o
 .text.IRQs_Handler
                0x00005aac       0x20 ./source/gpio.o
                0x00005aac                IRQs_Handler
 .text.Search_ISF
                0x00005acc      0x148 ./source/gpio.o
                0x00005acc                Search_ISF
 .text.PORTA_IRQHandler
                0x00005c14       0x4c ./source/gpio.o
                0x00005c14                PORTA_IRQHandler
 .text.PORTB_IRQHandler
                0x00005c60       0x50 ./source/gpio.o
                0x00005c60                PORTB_IRQHandler
 .text.PORTC_IRQHandler
                0x00005cb0       0x50 ./source/gpio.o
                0x00005cb0                PORTC_IRQHandler
 .text.PORTD_IRQHandler
                0x00005d00       0x50 ./source/gpio.o
                0x00005d00                PORTD_IRQHandler
 .text.PORTE_IRQHandler
                0x00005d50       0x50 ./source/gpio.o
                0x00005d50                PORTE_IRQHandler
 .text.lectora_init
                0x00005da0       0x6c ./source/lectora.o
                0x00005da0                lectora_init
 .text.readLectoraStatus
                0x00005e0c      0x140 ./source/lectora.o
                0x00005e0c                readLectoraStatus
 .text.readLectoraCardInfo
                0x00005f4c       0x88 ./source/lectora.o
                0x00005f4c                readLectoraCardInfo
 .text.callback_saveCardValue
                0x00005fd4       0xbc ./source/lectora.o
 .text.callback_changeStatus
                0x00006090       0xc0 ./source/lectora.o
 .text.callback_lectoraTimeOut
                0x00006150       0x18 ./source/lectora.o
 .text.TaskSendDataFunc
                0x00006168       0xa8 ./source/main.o
 .text.TaskEncoderFunc
                0x00006210       0x40 ./source/main.o
 .text.TaskLectoraFunc
                0x00006250       0x34 ./source/main.o
 .text.TaskStart
                0x00006284       0x4c ./source/main.o
 .text.main     0x000062d0      0x228 ./source/main.o
                0x000062d0                main
 .text.sendData
                0x000064f8       0x34 ./source/thingSpeakLib.o
                0x000064f8                sendData
 .text.writeSendDataBuff
                0x0000652c       0x40 ./source/thingSpeakLib.o
                0x0000652c                writeSendDataBuff
 .text.timerInit
                0x0000656c       0x30 ./source/timer.o
                0x0000656c                timerInit
 .text.timerGetId
                0x0000659c       0x5c ./source/timer.o
                0x0000659c                timerGetId
 .text.timerStart
                0x000065f8      0x130 ./source/timer.o
                0x000065f8                timerStart
 .text.timerStop
                0x00006728       0x58 ./source/timer.o
                0x00006728                timerStop
 .text.timerExpired
                0x00006780       0x4c ./source/timer.o
                0x00006780                timerExpired
 .text.timerRunning
                0x000067cc       0x38 ./source/timer.o
                0x000067cc                timerRunning
 .text.timer_isr
                0x00006804       0xfc ./source/timer.o
 .text.__NVIC_EnableIRQ
                0x00006900       0x3c ./source/uart_drv.o
 .text.__NVIC_DisableIRQ
                0x0000693c       0x44 ./source/uart_drv.o
 .text.__NVIC_SetPriority
                0x00006980       0x54 ./source/uart_drv.o
 .text.UART_Init
                0x000069d4       0xe8 ./source/uart_drv.o
                0x000069d4                UART_Init
 .text.UART0_RX_TX_IRQHandler
                0x00006abc      0x100 ./source/uart_drv.o
                0x00006abc                UART0_RX_TX_IRQHandler
 .text.UART0_ERR_IRQHandler
                0x00006bbc       0x48 ./source/uart_drv.o
                0x00006bbc                UART0_ERR_IRQHandler
 .text.UART_SetBaudRate
                0x00006c04       0xb8 ./source/uart_drv.o
                0x00006c04                UART_SetBaudRate
 .text.UART_Send_Data
                0x00006cbc       0x80 ./source/uart_drv.o
                0x00006cbc                UART_Send_Data
 .text.hw_Init  0x00006d3c      0x10c ./SDK/startup/hardware.o
                0x00006d3c                hw_Init
 .text.hw_EnableInterrupts
                0x00006e48       0x30 ./SDK/startup/hardware.o
                0x00006e48                hw_EnableInterrupts
 .text.hw_DisableInterrupts
                0x00006e78       0x20 ./SDK/startup/hardware.o
                0x00006e78                hw_DisableInterrupts
 .text.SystemInit
                0x00006e98       0x3c ./SDK/CMSIS/system_MK64F12.o
                0x00006e98                SystemInit
 .text.OSCfg_Init
                0x00006ed4        0xe ./source/rtos/uCOSIII/src/uCOS-III/Source/os_cfg_app.o
                0x00006ed4                OSCfg_Init
 .text.OS_PendDataInit
                0x00006ee2       0x6c ./source/rtos/uCOSIII/src/uCOS-III/Source/os_core.o
                0x00006ee2                OS_PendDataInit
 .text.OS_PendListChangePrio
                0x00006f4e       0x56 ./source/rtos/uCOSIII/src/uCOS-III/Source/os_core.o
                0x00006f4e                OS_PendListChangePrio
 .text.OS_PendListInit
                0x00006fa4       0x26 ./source/rtos/uCOSIII/src/uCOS-III/Source/os_core.o
                0x00006fa4                OS_PendListInit
 .text.OS_PendListInsertPrio
                0x00006fca       0xe8 ./source/rtos/uCOSIII/src/uCOS-III/Source/os_core.o
                0x00006fca                OS_PendListInsertPrio
 .text.OS_PendListRemove
                0x000070b2       0x54 ./source/rtos/uCOSIII/src/uCOS-III/Source/os_core.o
                0x000070b2                OS_PendListRemove
 .text.OS_PendListRemove1
                0x00007106       0x94 ./source/rtos/uCOSIII/src/uCOS-III/Source/os_core.o
                0x00007106                OS_PendListRemove1
 .text.OS_Post1
                0x0000719a       0x60 ./source/rtos/uCOSIII/src/uCOS-III/Source/os_core.o
                0x0000719a                OS_Post1
 .text.OS_RdyListMoveHeadToTail
                0x000071fa       0x90 ./source/rtos/uCOSIII/src/uCOS-III/Source/os_core.o
                0x000071fa                OS_RdyListMoveHeadToTail
 .text.OS_MsgQInit
                0x0000728a       0x36 ./source/rtos/uCOSIII/src/uCOS-III/Source/os_msg.o
                0x0000728a                OS_MsgQInit
 .text.OS_MutexGrpAdd
                0x000072c0       0x24 ./source/rtos/uCOSIII/src/uCOS-III/Source/os_mutex.o
                0x000072c0                OS_MutexGrpAdd
 .text.OS_MutexGrpRemove
                0x000072e4       0x3a ./source/rtos/uCOSIII/src/uCOS-III/Source/os_mutex.o
                0x000072e4                OS_MutexGrpRemove
 .text.OS_MutexGrpPrioFindHighest
                0x0000731e       0x56 ./source/rtos/uCOSIII/src/uCOS-III/Source/os_mutex.o
                0x0000731e                OS_MutexGrpPrioFindHighest
 .text.OS_MutexGrpPostAll
                0x00007374       0x86 ./source/rtos/uCOSIII/src/uCOS-III/Source/os_mutex.o
                0x00007374                OS_MutexGrpPostAll
 .text.OS_SemPost
                0x000073fa       0xde ./source/rtos/uCOSIII/src/uCOS-III/Source/os_sem.o
                0x000073fa                OS_SemPost
 .text.OSTaskSemPost
                0x000074d8       0x44 ./source/rtos/uCOSIII/src/uCOS-III/Source/os_task.o
                0x000074d8                OSTaskSemPost
 .text.OS_TickListInsert
                0x0000751c      0x12e ./source/rtos/uCOSIII/src/uCOS-III/Source/os_tick.o
                0x0000751c                OS_TickListInsert
 .text.OS_TickListRemove
                0x0000764a       0xca ./source/rtos/uCOSIII/src/uCOS-III/Source/os_tick.o
                0x0000764a                OS_TickListRemove
 .text.OS_TickListResetPeak
                0x00007714        0xe ./source/rtos/uCOSIII/src/uCOS-III/Source/os_tick.o
                0x00007714                OS_TickListResetPeak
 .text.OS_TmrResetPeak
                0x00007722        0xe ./source/rtos/uCOSIII/src/uCOS-III/Source/os_tmr.o
                0x00007722                OS_TmrResetPeak
 .text.SysTick_Handler
                0x00007730       0x2a ./source/rtos/uCOSIII/src/uCOS-III/Ports/ARM-Cortex-M4/Generic/GNU/os_cpu_c.o
                0x00007730                SysTick_Handler
 .text.CPU_Init
                0x0000775a        0xc ./source/rtos/uCOSIII/src/uC-CPU/cpu_core.o
                0x0000775a                CPU_Init
 .text.TurnOn_LED_FRDM_GREEN
                0x00007766       0x10 ./source/drv_FRDM.o
                0x00007766                TurnOn_LED_FRDM_GREEN
 .text.TurnOn_LED_FRDM_BLUE
                0x00007776       0x10 ./source/drv_FRDM.o
                0x00007776                TurnOn_LED_FRDM_BLUE
 .text.TurnOn_LED_FRDM_RED
                0x00007786       0x10 ./source/drv_FRDM.o
                0x00007786                TurnOn_LED_FRDM_RED
 .text.TurnOff_LED_FRDM_GREEN
                0x00007796       0x10 ./source/drv_FRDM.o
                0x00007796                TurnOff_LED_FRDM_GREEN
 .text.TurnOff_LED_FRDM_BLUE
                0x000077a6       0x10 ./source/drv_FRDM.o
                0x000077a6                TurnOff_LED_FRDM_BLUE
 .text.TurnOff_LED_FRDM_RED
                0x000077b6       0x10 ./source/drv_FRDM.o
                0x000077b6                TurnOff_LED_FRDM_RED
 .text.setLED   0x000077c6       0x40 ./source/drv_leds.o
 .text.compareArray
                0x00007806       0x4a ./source/fsm.o
                0x00007806                compareArray
 .text.compareCharArray
                0x00007850       0x46 ./source/fsm.o
                0x00007850                compareCharArray
 .text.printDisplayERR
                0x00007896       0x2c ./source/fsm.o
                0x00007896                printDisplayERR
 .text.clearOldUser
                0x000078c2        0xe ./source/fsm.o
                0x000078c2                clearOldUser
 .text.gpioMode
                0x000078d0       0x40 ./source/gpio.o
                0x000078d0                gpioMode
 .text.gpioWrite
                0x00007910       0x42 ./source/gpio.o
                0x00007910                gpioWrite
 .text.gpioRead
                0x00007952       0x3a ./source/gpio.o
                0x00007952                gpioRead
 .text.getPortPin
                0x0000798c       0x6a ./source/gpio.o
 .text.convers  0x000079f6       0x5a ./source/gpio.o
                0x000079f6                convers
 .text.checkParity
                0x00007a50       0x6e ./source/lectora.o
 .text.int2uint16LE
                0x00007abe       0xa6 ./source/thingSpeakLib.o
                0x00007abe                int2uint16LE
 .text.enable_UART_int
                0x00007b64       0x24 ./source/uart_drv.o
                0x00007b64                enable_UART_int
 .text.disable_UART_int
                0x00007b88       0x14 ./source/uart_drv.o
                0x00007b88                disable_UART_int
 .text.HardFault_Handler
                0x00007b9c       0x2c ./SDK/startup/semihost_hardfault.o
                0x00007b9c                HardFault_Handler
 .text.DMA0_IRQHandler
                0x00007bc8        0x8 ./SDK/startup/startup_mk64f12.o
                0x00007bc8                DMA0_IRQHandler
 .text.DMA1_IRQHandler
                0x00007bd0        0x8 ./SDK/startup/startup_mk64f12.o
                0x00007bd0                DMA1_IRQHandler
 .text.DMA2_IRQHandler
                0x00007bd8        0x8 ./SDK/startup/startup_mk64f12.o
                0x00007bd8                DMA2_IRQHandler
 .text.DMA3_IRQHandler
                0x00007be0        0x8 ./SDK/startup/startup_mk64f12.o
                0x00007be0                DMA3_IRQHandler
 .text.DMA4_IRQHandler
                0x00007be8        0x8 ./SDK/startup/startup_mk64f12.o
                0x00007be8                DMA4_IRQHandler
 .text.DMA5_IRQHandler
                0x00007bf0        0x8 ./SDK/startup/startup_mk64f12.o
                0x00007bf0                DMA5_IRQHandler
 .text.DMA6_IRQHandler
                0x00007bf8        0x8 ./SDK/startup/startup_mk64f12.o
                0x00007bf8                DMA6_IRQHandler
 .text.DMA7_IRQHandler
                0x00007c00        0x8 ./SDK/startup/startup_mk64f12.o
                0x00007c00                DMA7_IRQHandler
 .text.DMA8_IRQHandler
                0x00007c08        0x8 ./SDK/startup/startup_mk64f12.o
                0x00007c08                DMA8_IRQHandler
 .text.DMA9_IRQHandler
                0x00007c10        0x8 ./SDK/startup/startup_mk64f12.o
                0x00007c10                DMA9_IRQHandler
 .text.DMA10_IRQHandler
                0x00007c18        0x8 ./SDK/startup/startup_mk64f12.o
                0x00007c18                DMA10_IRQHandler
 .text.DMA11_IRQHandler
                0x00007c20        0x8 ./SDK/startup/startup_mk64f12.o
                0x00007c20                DMA11_IRQHandler
 .text.DMA12_IRQHandler
                0x00007c28        0x8 ./SDK/startup/startup_mk64f12.o
                0x00007c28                DMA12_IRQHandler
 .text.DMA13_IRQHandler
                0x00007c30        0x8 ./SDK/startup/startup_mk64f12.o
                0x00007c30                DMA13_IRQHandler
 .text.DMA14_IRQHandler
                0x00007c38        0x8 ./SDK/startup/startup_mk64f12.o
                0x00007c38                DMA14_IRQHandler
 .text.DMA15_IRQHandler
                0x00007c40        0x8 ./SDK/startup/startup_mk64f12.o
                0x00007c40                DMA15_IRQHandler
 .text.DMA_Error_IRQHandler
                0x00007c48        0x8 ./SDK/startup/startup_mk64f12.o
                0x00007c48                DMA_Error_IRQHandler
 .text.MCM_IRQHandler
                0x00007c50        0x8 ./SDK/startup/startup_mk64f12.o
                0x00007c50                MCM_IRQHandler
 .text.FTFE_IRQHandler
                0x00007c58        0x8 ./SDK/startup/startup_mk64f12.o
                0x00007c58                FTFE_IRQHandler
 .text.Read_Collision_IRQHandler
                0x00007c60        0x8 ./SDK/startup/startup_mk64f12.o
                0x00007c60                Read_Collision_IRQHandler
 .text.LVD_LVW_IRQHandler
                0x00007c68        0x8 ./SDK/startup/startup_mk64f12.o
                0x00007c68                LVD_LVW_IRQHandler
 .text.LLWU_IRQHandler
                0x00007c70        0x8 ./SDK/startup/startup_mk64f12.o
                0x00007c70                LLWU_IRQHandler
 .text.WDOG_EWM_IRQHandler
                0x00007c78        0x8 ./SDK/startup/startup_mk64f12.o
                0x00007c78                WDOG_EWM_IRQHandler
 .text.RNG_IRQHandler
                0x00007c80        0x8 ./SDK/startup/startup_mk64f12.o
                0x00007c80                RNG_IRQHandler
 .text.I2C0_IRQHandler
                0x00007c88        0x8 ./SDK/startup/startup_mk64f12.o
                0x00007c88                I2C0_IRQHandler
 .text.I2C1_IRQHandler
                0x00007c90        0x8 ./SDK/startup/startup_mk64f12.o
                0x00007c90                I2C1_IRQHandler
 .text.SPI0_IRQHandler
                0x00007c98        0x8 ./SDK/startup/startup_mk64f12.o
                0x00007c98                SPI0_IRQHandler
 .text.SPI1_IRQHandler
                0x00007ca0        0x8 ./SDK/startup/startup_mk64f12.o
                0x00007ca0                SPI1_IRQHandler
 .text.I2S0_Tx_IRQHandler
                0x00007ca8        0x8 ./SDK/startup/startup_mk64f12.o
                0x00007ca8                I2S0_Tx_IRQHandler
 .text.I2S0_Rx_IRQHandler
                0x00007cb0        0x8 ./SDK/startup/startup_mk64f12.o
                0x00007cb0                I2S0_Rx_IRQHandler
 .text.UART0_LON_IRQHandler
                0x00007cb8        0x8 ./SDK/startup/startup_mk64f12.o
                0x00007cb8                UART0_LON_IRQHandler
 .text.UART1_RX_TX_IRQHandler
                0x00007cc0        0x8 ./SDK/startup/startup_mk64f12.o
                0x00007cc0                UART1_RX_TX_IRQHandler
 .text.UART1_ERR_IRQHandler
                0x00007cc8        0x8 ./SDK/startup/startup_mk64f12.o
                0x00007cc8                UART1_ERR_IRQHandler
 .text.UART2_RX_TX_IRQHandler
                0x00007cd0        0x8 ./SDK/startup/startup_mk64f12.o
                0x00007cd0                UART2_RX_TX_IRQHandler
 .text.UART2_ERR_IRQHandler
                0x00007cd8        0x8 ./SDK/startup/startup_mk64f12.o
                0x00007cd8                UART2_ERR_IRQHandler
 .text.UART3_RX_TX_IRQHandler
                0x00007ce0        0x8 ./SDK/startup/startup_mk64f12.o
                0x00007ce0                UART3_RX_TX_IRQHandler
 .text.UART3_ERR_IRQHandler
                0x00007ce8        0x8 ./SDK/startup/startup_mk64f12.o
                0x00007ce8                UART3_ERR_IRQHandler
 .text.ADC0_IRQHandler
                0x00007cf0        0x8 ./SDK/startup/startup_mk64f12.o
                0x00007cf0                ADC0_IRQHandler
 .text.CMP0_IRQHandler
                0x00007cf8        0x8 ./SDK/startup/startup_mk64f12.o
                0x00007cf8                CMP0_IRQHandler
 .text.CMP1_IRQHandler
                0x00007d00        0x8 ./SDK/startup/startup_mk64f12.o
                0x00007d00                CMP1_IRQHandler
 .text.FTM0_IRQHandler
                0x00007d08        0x8 ./SDK/startup/startup_mk64f12.o
                0x00007d08                FTM0_IRQHandler
 .text.FTM1_IRQHandler
                0x00007d10        0x8 ./SDK/startup/startup_mk64f12.o
                0x00007d10                FTM1_IRQHandler
 .text.FTM2_IRQHandler
                0x00007d18        0x8 ./SDK/startup/startup_mk64f12.o
                0x00007d18                FTM2_IRQHandler
 .text.CMT_IRQHandler
                0x00007d20        0x8 ./SDK/startup/startup_mk64f12.o
                0x00007d20                CMT_IRQHandler
 .text.RTC_IRQHandler
                0x00007d28        0x8 ./SDK/startup/startup_mk64f12.o
                0x00007d28                RTC_IRQHandler
 .text.RTC_Seconds_IRQHandler
                0x00007d30        0x8 ./SDK/startup/startup_mk64f12.o
                0x00007d30                RTC_Seconds_IRQHandler
 .text.PIT0_IRQHandler
                0x00007d38        0x8 ./SDK/startup/startup_mk64f12.o
                0x00007d38                PIT0_IRQHandler
 .text.PIT1_IRQHandler
                0x00007d40        0x8 ./SDK/startup/startup_mk64f12.o
                0x00007d40                PIT1_IRQHandler
 .text.PIT2_IRQHandler
                0x00007d48        0x8 ./SDK/startup/startup_mk64f12.o
                0x00007d48                PIT2_IRQHandler
 .text.PIT3_IRQHandler
                0x00007d50        0x8 ./SDK/startup/startup_mk64f12.o
                0x00007d50                PIT3_IRQHandler
 .text.PDB0_IRQHandler
                0x00007d58        0x8 ./SDK/startup/startup_mk64f12.o
                0x00007d58                PDB0_IRQHandler
 .text.USB0_IRQHandler
                0x00007d60        0x8 ./SDK/startup/startup_mk64f12.o
                0x00007d60                USB0_IRQHandler
 .text.USBDCD_IRQHandler
                0x00007d68        0x8 ./SDK/startup/startup_mk64f12.o
                0x00007d68                USBDCD_IRQHandler
 .text.Reserved71_IRQHandler
                0x00007d70        0x8 ./SDK/startup/startup_mk64f12.o
                0x00007d70                Reserved71_IRQHandler
 .text.DAC0_IRQHandler
                0x00007d78        0x8 ./SDK/startup/startup_mk64f12.o
                0x00007d78                DAC0_IRQHandler
 .text.MCG_IRQHandler
                0x00007d80        0x8 ./SDK/startup/startup_mk64f12.o
                0x00007d80                MCG_IRQHandler
 .text.LPTMR0_IRQHandler
                0x00007d88        0x8 ./SDK/startup/startup_mk64f12.o
                0x00007d88                LPTMR0_IRQHandler
 .text.SWI_IRQHandler
                0x00007d90        0x8 ./SDK/startup/startup_mk64f12.o
                0x00007d90                SWI_IRQHandler
 .text.SPI2_IRQHandler
                0x00007d98        0x8 ./SDK/startup/startup_mk64f12.o
                0x00007d98                SPI2_IRQHandler
 .text.UART4_RX_TX_IRQHandler
                0x00007da0        0x8 ./SDK/startup/startup_mk64f12.o
                0x00007da0                UART4_RX_TX_IRQHandler
 .text.UART4_ERR_IRQHandler
                0x00007da8        0x8 ./SDK/startup/startup_mk64f12.o
                0x00007da8                UART4_ERR_IRQHandler
 .text.UART5_RX_TX_IRQHandler
                0x00007db0        0x8 ./SDK/startup/startup_mk64f12.o
                0x00007db0                UART5_RX_TX_IRQHandler
 .text.UART5_ERR_IRQHandler
                0x00007db8        0x8 ./SDK/startup/startup_mk64f12.o
                0x00007db8                UART5_ERR_IRQHandler
 .text.CMP2_IRQHandler
                0x00007dc0        0x8 ./SDK/startup/startup_mk64f12.o
                0x00007dc0                CMP2_IRQHandler
 .text.FTM3_IRQHandler
                0x00007dc8        0x8 ./SDK/startup/startup_mk64f12.o
                0x00007dc8                FTM3_IRQHandler
 .text.DAC1_IRQHandler
                0x00007dd0        0x8 ./SDK/startup/startup_mk64f12.o
                0x00007dd0                DAC1_IRQHandler
 .text.ADC1_IRQHandler
                0x00007dd8        0x8 ./SDK/startup/startup_mk64f12.o
                0x00007dd8                ADC1_IRQHandler
 .text.I2C2_IRQHandler
                0x00007de0        0x8 ./SDK/startup/startup_mk64f12.o
                0x00007de0                I2C2_IRQHandler
 .text.CAN0_ORed_Message_buffer_IRQHandler
                0x00007de8        0x8 ./SDK/startup/startup_mk64f12.o
                0x00007de8                CAN0_ORed_Message_buffer_IRQHandler
 .text.CAN0_Bus_Off_IRQHandler
                0x00007df0        0x8 ./SDK/startup/startup_mk64f12.o
                0x00007df0                CAN0_Bus_Off_IRQHandler
 .text.CAN0_Error_IRQHandler
                0x00007df8        0x8 ./SDK/startup/startup_mk64f12.o
                0x00007df8                CAN0_Error_IRQHandler
 .text.CAN0_Tx_Warning_IRQHandler
                0x00007e00        0x8 ./SDK/startup/startup_mk64f12.o
                0x00007e00                CAN0_Tx_Warning_IRQHandler
 .text.CAN0_Rx_Warning_IRQHandler
                0x00007e08        0x8 ./SDK/startup/startup_mk64f12.o
                0x00007e08                CAN0_Rx_Warning_IRQHandler
 .text.CAN0_Wake_Up_IRQHandler
                0x00007e10        0x8 ./SDK/startup/startup_mk64f12.o
                0x00007e10                CAN0_Wake_Up_IRQHandler
 .text.SDHC_IRQHandler
                0x00007e18        0x8 ./SDK/startup/startup_mk64f12.o
                0x00007e18                SDHC_IRQHandler
 .text.ENET_1588_Timer_IRQHandler
                0x00007e20        0x8 ./SDK/startup/startup_mk64f12.o
                0x00007e20                ENET_1588_Timer_IRQHandler
 .text.ENET_Transmit_IRQHandler
                0x00007e28        0x8 ./SDK/startup/startup_mk64f12.o
                0x00007e28                ENET_Transmit_IRQHandler
 .text.ENET_Receive_IRQHandler
                0x00007e30        0x8 ./SDK/startup/startup_mk64f12.o
                0x00007e30                ENET_Receive_IRQHandler
 .text.ENET_Error_IRQHandler
                0x00007e38        0x8 ./SDK/startup/startup_mk64f12.o
                0x00007e38                ENET_Error_IRQHandler
 .text.SystemInitHook
                0x00007e40        0xe ./SDK/CMSIS/system_MK64F12.o
                0x00007e40                SystemInitHook
 .text.memcpy   0x00007e4e        0x4 f:/programs(1tb)/mcuxpressoide_10.2.0_759/ide/tools/bin/../lib/gcc/arm-none-eabi/7.2.1/../../../../arm-none-eabi/lib/thumb/v7e-m/fpv4-sp/hard\libcr_c.a(memcpy.o)
                0x00007e4e                memcpy
 .text.memset   0x00007e52        0x4 f:/programs(1tb)/mcuxpressoide_10.2.0_759/ide/tools/bin/../lib/gcc/arm-none-eabi/7.2.1/../../../../arm-none-eabi/lib/thumb/v7e-m/fpv4-sp/hard\libcr_c.a(memset.o)
                0x00007e52                memset
 .text.__aeabi_memcpy
                0x00007e56       0x34 f:/programs(1tb)/mcuxpressoide_10.2.0_759/ide/tools/bin/../lib/gcc/arm-none-eabi/7.2.1/thumb/v7e-m/fpv4-sp/hard\libcr_eabihelpers.a(memcpy.o)
                0x00007e56                __aeabi_memcpy
                0x00007e60                __aeabi_memcpy8
                0x00007e60                __aeabi_memcpy4
 .text.__aeabi_memset_lowlevel
                0x00007e8a       0x32 f:/programs(1tb)/mcuxpressoide_10.2.0_759/ide/tools/bin/../lib/gcc/arm-none-eabi/7.2.1/thumb/v7e-m/fpv4-sp/hard\libcr_eabihelpers.a(memcpy.o)
                0x00007e8a                __aeabi_lowlevel_memset
 *(SORT_BY_ALIGNMENT(.rodata) SORT_BY_ALIGNMENT(.rodata.*) SORT_BY_ALIGNMENT(.constdata) SORT_BY_ALIGNMENT(.constdata.*))
 .rodata.OSCfg_IdleTaskStkBasePtr
                0x00007ebc        0x4 ./source/rtos/uCOSIII/src/uCOS-III/Source/os_cfg_app.o
                0x00007ebc                OSCfg_IdleTaskStkBasePtr
 .rodata.OSCfg_IdleTaskStkLimit
                0x00007ec0        0x4 ./source/rtos/uCOSIII/src/uCOS-III/Source/os_cfg_app.o
                0x00007ec0                OSCfg_IdleTaskStkLimit
 .rodata.OSCfg_IdleTaskStkSize
                0x00007ec4        0x4 ./source/rtos/uCOSIII/src/uCOS-III/Source/os_cfg_app.o
                0x00007ec4                OSCfg_IdleTaskStkSize
 .rodata.OSCfg_ISRStkBasePtr
                0x00007ec8        0x4 ./source/rtos/uCOSIII/src/uCOS-III/Source/os_cfg_app.o
                0x00007ec8                OSCfg_ISRStkBasePtr
 .rodata.OSCfg_ISRStkSize
                0x00007ecc        0x4 ./source/rtos/uCOSIII/src/uCOS-III/Source/os_cfg_app.o
                0x00007ecc                OSCfg_ISRStkSize
 .rodata.OSCfg_MsgPoolBasePtr
                0x00007ed0        0x4 ./source/rtos/uCOSIII/src/uCOS-III/Source/os_cfg_app.o
                0x00007ed0                OSCfg_MsgPoolBasePtr
 .rodata.OSCfg_StatTaskRate_Hz
                0x00007ed4        0x4 ./source/rtos/uCOSIII/src/uCOS-III/Source/os_cfg_app.o
                0x00007ed4                OSCfg_StatTaskRate_Hz
 .rodata.OSCfg_StatTaskStkBasePtr
                0x00007ed8        0x4 ./source/rtos/uCOSIII/src/uCOS-III/Source/os_cfg_app.o
                0x00007ed8                OSCfg_StatTaskStkBasePtr
 .rodata.OSCfg_StatTaskStkLimit
                0x00007edc        0x4 ./source/rtos/uCOSIII/src/uCOS-III/Source/os_cfg_app.o
                0x00007edc                OSCfg_StatTaskStkLimit
 .rodata.OSCfg_StatTaskStkSize
                0x00007ee0        0x4 ./source/rtos/uCOSIII/src/uCOS-III/Source/os_cfg_app.o
                0x00007ee0                OSCfg_StatTaskStkSize
 .rodata.OSCfg_StkSizeMin
                0x00007ee4        0x4 ./source/rtos/uCOSIII/src/uCOS-III/Source/os_cfg_app.o
                0x00007ee4                OSCfg_StkSizeMin
 .rodata.OSCfg_TickRate_Hz
                0x00007ee8        0x4 ./source/rtos/uCOSIII/src/uCOS-III/Source/os_cfg_app.o
                0x00007ee8                OSCfg_TickRate_Hz
 .rodata.OSCfg_TickTaskStkBasePtr
                0x00007eec        0x4 ./source/rtos/uCOSIII/src/uCOS-III/Source/os_cfg_app.o
                0x00007eec                OSCfg_TickTaskStkBasePtr
 .rodata.OSCfg_TickTaskStkLimit
                0x00007ef0        0x4 ./source/rtos/uCOSIII/src/uCOS-III/Source/os_cfg_app.o
                0x00007ef0                OSCfg_TickTaskStkLimit
 .rodata.OSCfg_TickTaskStkSize
                0x00007ef4        0x4 ./source/rtos/uCOSIII/src/uCOS-III/Source/os_cfg_app.o
                0x00007ef4                OSCfg_TickTaskStkSize
 .rodata.OSCfg_TmrTaskRate_Hz
                0x00007ef8        0x4 ./source/rtos/uCOSIII/src/uCOS-III/Source/os_cfg_app.o
                0x00007ef8                OSCfg_TmrTaskRate_Hz
 .rodata.OSCfg_TmrTaskStkBasePtr
                0x00007efc        0x4 ./source/rtos/uCOSIII/src/uCOS-III/Source/os_cfg_app.o
                0x00007efc                OSCfg_TmrTaskStkBasePtr
 .rodata.OSCfg_TmrTaskStkLimit
                0x00007f00        0x4 ./source/rtos/uCOSIII/src/uCOS-III/Source/os_cfg_app.o
                0x00007f00                OSCfg_TmrTaskStkLimit
 .rodata.OSCfg_TmrTaskStkSize
                0x00007f04        0x4 ./source/rtos/uCOSIII/src/uCOS-III/Source/os_cfg_app.o
                0x00007f04                OSCfg_TmrTaskStkSize
 .rodata        0x00007f08       0x2a ./source/rtos/uCOSIII/src/uCOS-III/Source/os_core.o
 *fill*         0x00007f32        0x2 ff
 .rodata.OSDbg_EndiannessTest
                0x00007f34        0x4 ./source/rtos/uCOSIII/src/uCOS-III/Source/os_dbg.o
                0x00007f34                OSDbg_EndiannessTest
 .rodata.OSDbg_FlagGrp
                0x00007f38       0x28 ./source/rtos/uCOSIII/src/uCOS-III/Source/os_dbg.o
                0x00007f38                OSDbg_FlagGrp
 .rodata.OSDbg_Mem
                0x00007f60       0x20 ./source/rtos/uCOSIII/src/uCOS-III/Source/os_dbg.o
                0x00007f60                OSDbg_Mem
 .rodata.OSDbg_Mutex
                0x00007f80       0x30 ./source/rtos/uCOSIII/src/uCOS-III/Source/os_dbg.o
                0x00007f80                OSDbg_Mutex
 .rodata.OSDbg_Q
                0x00007fb0       0x30 ./source/rtos/uCOSIII/src/uCOS-III/Source/os_dbg.o
                0x00007fb0                OSDbg_Q
 .rodata.OSDbg_Sem
                0x00007fe0       0x28 ./source/rtos/uCOSIII/src/uCOS-III/Source/os_dbg.o
                0x00007fe0                OSDbg_Sem
 .rodata.OSDbg_RdyListSize
                0x00008008        0x4 ./source/rtos/uCOSIII/src/uCOS-III/Source/os_dbg.o
                0x00008008                OSDbg_RdyListSize
 .rodata.OSDbg_Tmr
                0x0000800c       0x30 ./source/rtos/uCOSIII/src/uCOS-III/Source/os_dbg.o
                0x0000800c                OSDbg_Tmr
 .rodata.OSDbg_DataSize
                0x0000803c        0x4 ./source/rtos/uCOSIII/src/uCOS-III/Source/os_dbg.o
                0x0000803c                OSDbg_DataSize
 .rodata        0x00008040        0xa ./source/rtos/uCOSIII/src/uCOS-III/Source/os_mutex.o
 *fill*         0x0000804a        0x2 ff
 .rodata        0x0000804c        0x6 ./source/rtos/uCOSIII/src/uCOS-III/Source/os_q.o
 *fill*         0x00008052        0x2 ff
 .rodata        0x00008054        0xa ./source/rtos/uCOSIII/src/uCOS-III/Source/os_sem.o
 *fill*         0x0000805e        0x2 ff
 .rodata        0x00008060       0x14 ./source/rtos/uCOSIII/src/uCOS-III/Source/os_stat.o
 .rodata        0x00008074        0xa ./source/rtos/uCOSIII/src/uCOS-III/Source/os_task.o
 *fill*         0x0000807e        0x2 ff
 .rodata        0x00008080       0x14 ./source/rtos/uCOSIII/src/uCOS-III/Source/os_tick.o
 .rodata        0x00008094       0x2d ./source/rtos/uCOSIII/src/uCOS-III/Source/os_tmr.o
 *fill*         0x000080c1        0x3 ff
 .rodata        0x000080c4       0x20 ./source/fsm.o
 .rodata.asStateMachine
                0x000080e4       0x18 ./source/fsm.o
 .rodata        0x000080fc       0x85 ./source/main.o
 *fill*         0x00008181        0x1 ff
 .rodata.OSCfg_MsgPoolSize
                0x00008182        0x2 ./source/rtos/uCOSIII/src/uCOS-III/Source/os_cfg_app.o
                0x00008182                OSCfg_MsgPoolSize
 .rodata.OSDbg_FlagGrpSize
                0x00008184        0x2 ./source/rtos/uCOSIII/src/uCOS-III/Source/os_dbg.o
                0x00008184                OSDbg_FlagGrpSize
 .rodata.OSDbg_FlagWidth
                0x00008186        0x2 ./source/rtos/uCOSIII/src/uCOS-III/Source/os_dbg.o
                0x00008186                OSDbg_FlagWidth
 .rodata.OSDbg_MemSize
                0x00008188        0x2 ./source/rtos/uCOSIII/src/uCOS-III/Source/os_dbg.o
                0x00008188                OSDbg_MemSize
 .rodata.OSDbg_MsgSize
                0x0000818a        0x2 ./source/rtos/uCOSIII/src/uCOS-III/Source/os_dbg.o
                0x0000818a                OSDbg_MsgSize
 .rodata.OSDbg_MsgPoolSize
                0x0000818c        0x2 ./source/rtos/uCOSIII/src/uCOS-III/Source/os_dbg.o
                0x0000818c                OSDbg_MsgPoolSize
 .rodata.OSDbg_MsgQSize
                0x0000818e        0x2 ./source/rtos/uCOSIII/src/uCOS-III/Source/os_dbg.o
                0x0000818e                OSDbg_MsgQSize
 .rodata.OSDbg_MutexSize
                0x00008190        0x2 ./source/rtos/uCOSIII/src/uCOS-III/Source/os_dbg.o
                0x00008190                OSDbg_MutexSize
 .rodata.OSDbg_PendDataSize
                0x00008192        0x2 ./source/rtos/uCOSIII/src/uCOS-III/Source/os_dbg.o
                0x00008192                OSDbg_PendDataSize
 .rodata.OSDbg_PendListSize
                0x00008194        0x2 ./source/rtos/uCOSIII/src/uCOS-III/Source/os_dbg.o
                0x00008194                OSDbg_PendListSize
 .rodata.OSDbg_PendObjSize
                0x00008196        0x2 ./source/rtos/uCOSIII/src/uCOS-III/Source/os_dbg.o
                0x00008196                OSDbg_PendObjSize
 .rodata.OSDbg_PrioMax
                0x00008198        0x2 ./source/rtos/uCOSIII/src/uCOS-III/Source/os_dbg.o
                0x00008198                OSDbg_PrioMax
 .rodata.OSDbg_PrioTblSize
                0x0000819a        0x2 ./source/rtos/uCOSIII/src/uCOS-III/Source/os_dbg.o
                0x0000819a                OSDbg_PrioTblSize
 .rodata.OSDbg_PtrSize
                0x0000819c        0x2 ./source/rtos/uCOSIII/src/uCOS-III/Source/os_dbg.o
                0x0000819c                OSDbg_PtrSize
 .rodata.OSDbg_QSize
                0x0000819e        0x2 ./source/rtos/uCOSIII/src/uCOS-III/Source/os_dbg.o
                0x0000819e                OSDbg_QSize
 .rodata.OSDbg_SemSize
                0x000081a0        0x2 ./source/rtos/uCOSIII/src/uCOS-III/Source/os_dbg.o
                0x000081a0                OSDbg_SemSize
 .rodata.OSDbg_RdyList
                0x000081a2        0x2 ./source/rtos/uCOSIII/src/uCOS-III/Source/os_dbg.o
                0x000081a2                OSDbg_RdyList
 .rodata.OSDbg_TaskRegTblSize
                0x000081a4        0x2 ./source/rtos/uCOSIII/src/uCOS-III/Source/os_dbg.o
                0x000081a4                OSDbg_TaskRegTblSize
 .rodata.OSDbg_TCBSize
                0x000081a6        0x2 ./source/rtos/uCOSIII/src/uCOS-III/Source/os_dbg.o
                0x000081a6                OSDbg_TCBSize
 .rodata.OSDbg_TickListSize
                0x000081a8        0x2 ./source/rtos/uCOSIII/src/uCOS-III/Source/os_dbg.o
                0x000081a8                OSDbg_TickListSize
 .rodata.OSDbg_TmrSize
                0x000081aa        0x2 ./source/rtos/uCOSIII/src/uCOS-III/Source/os_dbg.o
                0x000081aa                OSDbg_TmrSize
 .rodata.OSDbg_VersionNbr
                0x000081ac        0x2 ./source/rtos/uCOSIII/src/uCOS-III/Source/os_dbg.o
                0x000081ac                OSDbg_VersionNbr
 .rodata.OSCfg_StatTaskPrio
                0x000081ae        0x1 ./source/rtos/uCOSIII/src/uCOS-III/Source/os_cfg_app.o
                0x000081ae                OSCfg_StatTaskPrio
 .rodata.OSCfg_TickTaskPrio
                0x000081af        0x1 ./source/rtos/uCOSIII/src/uCOS-III/Source/os_cfg_app.o
                0x000081af                OSCfg_TickTaskPrio
 .rodata.OSCfg_TmrTaskPrio
                0x000081b0        0x1 ./source/rtos/uCOSIII/src/uCOS-III/Source/os_cfg_app.o
                0x000081b0                OSCfg_TmrTaskPrio
 .rodata.OSDbg_DbgEn
                0x000081b1        0x1 ./source/rtos/uCOSIII/src/uCOS-III/Source/os_dbg.o
                0x000081b1                OSDbg_DbgEn
 .rodata.OSDbg_ArgChkEn
                0x000081b2        0x1 ./source/rtos/uCOSIII/src/uCOS-III/Source/os_dbg.o
                0x000081b2                OSDbg_ArgChkEn
 .rodata.OSDbg_AppHooksEn
                0x000081b3        0x1 ./source/rtos/uCOSIII/src/uCOS-III/Source/os_dbg.o
                0x000081b3                OSDbg_AppHooksEn
 .rodata.OSDbg_CalledFromISRChkEn
                0x000081b4        0x1 ./source/rtos/uCOSIII/src/uCOS-III/Source/os_dbg.o
                0x000081b4                OSDbg_CalledFromISRChkEn
 .rodata.OSDbg_FlagEn
                0x000081b5        0x1 ./source/rtos/uCOSIII/src/uCOS-III/Source/os_dbg.o
                0x000081b5                OSDbg_FlagEn
 .rodata.OSDbg_FlagDelEn
                0x000081b6        0x1 ./source/rtos/uCOSIII/src/uCOS-III/Source/os_dbg.o
                0x000081b6                OSDbg_FlagDelEn
 .rodata.OSDbg_FlagModeClrEn
                0x000081b7        0x1 ./source/rtos/uCOSIII/src/uCOS-III/Source/os_dbg.o
                0x000081b7                OSDbg_FlagModeClrEn
 .rodata.OSDbg_FlagPendAbortEn
                0x000081b8        0x1 ./source/rtos/uCOSIII/src/uCOS-III/Source/os_dbg.o
                0x000081b8                OSDbg_FlagPendAbortEn
 .rodata.OSDbg_ISRPostDeferredEn
                0x000081b9        0x1 ./source/rtos/uCOSIII/src/uCOS-III/Source/os_dbg.o
                0x000081b9                OSDbg_ISRPostDeferredEn
 .rodata.OSDbg_MemEn
                0x000081ba        0x1 ./source/rtos/uCOSIII/src/uCOS-III/Source/os_dbg.o
                0x000081ba                OSDbg_MemEn
 .rodata.OSDbg_MsgEn
                0x000081bb        0x1 ./source/rtos/uCOSIII/src/uCOS-III/Source/os_dbg.o
                0x000081bb                OSDbg_MsgEn
 .rodata.OSDbg_MutexEn
                0x000081bc        0x1 ./source/rtos/uCOSIII/src/uCOS-III/Source/os_dbg.o
                0x000081bc                OSDbg_MutexEn
 .rodata.OSDbg_MutexDelEn
                0x000081bd        0x1 ./source/rtos/uCOSIII/src/uCOS-III/Source/os_dbg.o
                0x000081bd                OSDbg_MutexDelEn
 .rodata.OSDbg_MutexPendAbortEn
                0x000081be        0x1 ./source/rtos/uCOSIII/src/uCOS-III/Source/os_dbg.o
                0x000081be                OSDbg_MutexPendAbortEn
 .rodata.OSDbg_ObjTypeChkEn
                0x000081bf        0x1 ./source/rtos/uCOSIII/src/uCOS-III/Source/os_dbg.o
                0x000081bf                OSDbg_ObjTypeChkEn
 .rodata.OSDbg_PendMultiEn
                0x000081c0        0x1 ./source/rtos/uCOSIII/src/uCOS-III/Source/os_dbg.o
                0x000081c0                OSDbg_PendMultiEn
 .rodata.OSDbg_QEn
                0x000081c1        0x1 ./source/rtos/uCOSIII/src/uCOS-III/Source/os_dbg.o
                0x000081c1                OSDbg_QEn
 .rodata.OSDbg_QDelEn
                0x000081c2        0x1 ./source/rtos/uCOSIII/src/uCOS-III/Source/os_dbg.o
                0x000081c2                OSDbg_QDelEn
 .rodata.OSDbg_QFlushEn
                0x000081c3        0x1 ./source/rtos/uCOSIII/src/uCOS-III/Source/os_dbg.o
                0x000081c3                OSDbg_QFlushEn
 .rodata.OSDbg_QPendAbortEn
                0x000081c4        0x1 ./source/rtos/uCOSIII/src/uCOS-III/Source/os_dbg.o
                0x000081c4                OSDbg_QPendAbortEn
 .rodata.OSDbg_SchedRoundRobinEn
                0x000081c5        0x1 ./source/rtos/uCOSIII/src/uCOS-III/Source/os_dbg.o
                0x000081c5                OSDbg_SchedRoundRobinEn
 .rodata.OSDbg_SemEn
                0x000081c6        0x1 ./source/rtos/uCOSIII/src/uCOS-III/Source/os_dbg.o
                0x000081c6                OSDbg_SemEn
 .rodata.OSDbg_SemDelEn
                0x000081c7        0x1 ./source/rtos/uCOSIII/src/uCOS-III/Source/os_dbg.o
                0x000081c7                OSDbg_SemDelEn
 .rodata.OSDbg_SemPendAbortEn
                0x000081c8        0x1 ./source/rtos/uCOSIII/src/uCOS-III/Source/os_dbg.o
                0x000081c8                OSDbg_SemPendAbortEn
 .rodata.OSDbg_SemSetEn
                0x000081c9        0x1 ./source/rtos/uCOSIII/src/uCOS-III/Source/os_dbg.o
                0x000081c9                OSDbg_SemSetEn
 .rodata.OSDbg_StkWidth
                0x000081ca        0x1 ./source/rtos/uCOSIII/src/uCOS-III/Source/os_dbg.o
                0x000081ca                OSDbg_StkWidth
 .rodata.OSDbg_StatTaskEn
                0x000081cb        0x1 ./source/rtos/uCOSIII/src/uCOS-III/Source/os_dbg.o
                0x000081cb                OSDbg_StatTaskEn
 .rodata.OSDbg_StatTaskStkChkEn
                0x000081cc        0x1 ./source/rtos/uCOSIII/src/uCOS-III/Source/os_dbg.o
                0x000081cc                OSDbg_StatTaskStkChkEn
 .rodata.OSDbg_TaskChangePrioEn
                0x000081cd        0x1 ./source/rtos/uCOSIII/src/uCOS-III/Source/os_dbg.o
                0x000081cd                OSDbg_TaskChangePrioEn
 .rodata.OSDbg_TaskDelEn
                0x000081ce        0x1 ./source/rtos/uCOSIII/src/uCOS-III/Source/os_dbg.o
                0x000081ce                OSDbg_TaskDelEn
 .rodata.OSDbg_TaskQEn
                0x000081cf        0x1 ./source/rtos/uCOSIII/src/uCOS-III/Source/os_dbg.o
                0x000081cf                OSDbg_TaskQEn
 .rodata.OSDbg_TaskQPendAbortEn
                0x000081d0        0x1 ./source/rtos/uCOSIII/src/uCOS-III/Source/os_dbg.o
                0x000081d0                OSDbg_TaskQPendAbortEn
 .rodata.OSDbg_TaskProfileEn
                0x000081d1        0x1 ./source/rtos/uCOSIII/src/uCOS-III/Source/os_dbg.o
                0x000081d1                OSDbg_TaskProfileEn
 .rodata.OSDbg_TaskSemPendAbortEn
                0x000081d2        0x1 ./source/rtos/uCOSIII/src/uCOS-III/Source/os_dbg.o
                0x000081d2                OSDbg_TaskSemPendAbortEn
 .rodata.OSDbg_TaskSuspendEn
                0x000081d3        0x1 ./source/rtos/uCOSIII/src/uCOS-III/Source/os_dbg.o
                0x000081d3                OSDbg_TaskSuspendEn
 .rodata.OSDbg_TimeDlyHMSMEn
                0x000081d4        0x1 ./source/rtos/uCOSIII/src/uCOS-III/Source/os_dbg.o
                0x000081d4                OSDbg_TimeDlyHMSMEn
 .rodata.OSDbg_TimeDlyResumeEn
                0x000081d5        0x1 ./source/rtos/uCOSIII/src/uCOS-III/Source/os_dbg.o
                0x000081d5                OSDbg_TimeDlyResumeEn
 .rodata.OSDbg_TmrEn
                0x000081d6        0x1 ./source/rtos/uCOSIII/src/uCOS-III/Source/os_dbg.o
                0x000081d6                OSDbg_TmrEn
 .rodata.OSDbg_TmrDelEn
                0x000081d7        0x1 ./source/rtos/uCOSIII/src/uCOS-III/Source/os_dbg.o
                0x000081d7                OSDbg_TmrDelEn
                0x000081d8                . = ALIGN (0x8)

.glue_7         0x000081d8        0x0
 .glue_7        0x000081d8        0x0 linker stubs

.glue_7t        0x000081d8        0x0
 .glue_7t       0x000081d8        0x0 linker stubs

.vfp11_veneer   0x000081d8        0x0
 .vfp11_veneer  0x000081d8        0x0 linker stubs

.v4_bx          0x000081d8        0x0
 .v4_bx         0x000081d8        0x0 linker stubs

.iplt           0x000081d8        0x0
 .iplt          0x000081d8        0x0 ./source/rtos/uCOSIII/src/uCOS-III/Source/os_cfg_app.o

.rel.dyn        0x000081d8        0x0
 .rel.iplt      0x000081d8        0x0 ./source/rtos/uCOSIII/src/uCOS-III/Source/os_cfg_app.o

.ARM.extab
 *(SORT_BY_ALIGNMENT(.ARM.extab*) SORT_BY_ALIGNMENT(.gnu.linkonce.armextab.*))
                0x000081d8                __exidx_start = .

.ARM.exidx
 *(SORT_BY_ALIGNMENT(.ARM.exidx*) SORT_BY_ALIGNMENT(.gnu.linkonce.armexidx.*))
                0x000081d8                __exidx_end = .
                0x000081d8                _etext = .

.m_usb_data
 *(SORT_BY_ALIGNMENT(m_usb_bdt))

.data_RAM2      0x1fff0000        0x0 load address 0x000081d8
 FILL mask 0xff
                [!provide]                PROVIDE (__start_data_RAM2, .)
 *(SORT_BY_ALIGNMENT(.ramfunc.$RAM2))
 *(SORT_BY_ALIGNMENT(.ramfunc.$SRAM_LOWER))
 *(SORT_BY_ALIGNMENT(.data.$RAM2*))
 *(SORT_BY_ALIGNMENT(.data.$SRAM_LOWER*))
                0x1fff0000                . = ALIGN (0x8)
                [!provide]                PROVIDE (__end_data_RAM2, .)

.data_RAM3      0x14000000        0x0 load address 0x000081d8
 FILL mask 0xff
                [!provide]                PROVIDE (__start_data_RAM3, .)
 *(SORT_BY_ALIGNMENT(.ramfunc.$RAM3))
 *(SORT_BY_ALIGNMENT(.ramfunc.$FLEX_RAM))
 *(SORT_BY_ALIGNMENT(.data.$RAM3*))
 *(SORT_BY_ALIGNMENT(.data.$FLEX_RAM*))
                0x14000000                . = ALIGN (0x8)
                [!provide]                PROVIDE (__end_data_RAM3, .)

.uninit_RESERVED
                0x20000000        0x0
 *(SORT_BY_ALIGNMENT(.bss.$RESERVED*))
                0x20000000                . = ALIGN (0x4)
                0x20000000                _end_uninit_RESERVED = .

.data           0x20000000      0xb30 load address 0x000081d8
 FILL mask 0xff
                0x20000000                _data = .
 *(SORT_BY_ALIGNMENT(vtable))
 *(SORT_BY_ALIGNMENT(.ramfunc*))
 *(SORT_BY_ALIGNMENT(.data*))
 .data.pines_select
                0x20000000        0x8 ./source/drv_display.o
 .data.pines_seg
                0x20000008       0x20 ./source/drv_display.o
 .data.num_7seg
                0x20000028       0x28 ./source/drv_display.o
 .data.pointer_digit
                0x20000050        0x4 ./source/drv_display.o
 .data.opciones_brillo
                0x20000054       0x10 ./source/drv_display.o
 .data.state    0x20000064        0x4 ./source/drv_leds.o
 .data.currUser
                0x20000068       0x64 ./source/fsm.o
 .data.currUserIndex
                0x200000cc        0x4 ./source/fsm.o
 .data.pushPointer
                0x200000d0        0x4 ./source/fsm.o
 .data.pullPointer
                0x200000d4        0x4 ./source/fsm.o
 .data.list     0x200000d8      0x258 ./source/main.o
 .data.sendDataBuffer
                0x20000330        0xc ./source/thingSpeakLib.o
 .data.outBuffer
                0x2000033c      0x3f4 ./source/uart_drv.o
 .data.inBuffer
                0x20000730      0x3f4 ./source/uart_drv.o
 .data.SystemCoreClock
                0x20000b24        0x4 ./SDK/CMSIS/system_MK64F12.o
                0x20000b24                SystemCoreClock
 .data.local_nextEvent
                0x20000b28        0x1 ./source/fsm.o
 .data.timers_cant
                0x20000b29        0x1 ./source/timer.o
                0x20000b30                . = ALIGN (0x8)
 *fill*         0x20000b2a        0x6 ff
                0x20000b30                _edata = .

.igot.plt       0x20000b30        0x0 load address 0x00008d08
 .igot.plt      0x20000b30        0x0 ./source/rtos/uCOSIII/src/uCOS-III/Source/os_cfg_app.o

.bss_RAM2       0x1fff0000        0x0
                [!provide]                PROVIDE (__start_bss_RAM2, .)
 *(SORT_BY_ALIGNMENT(.bss.$RAM2*))
 *(SORT_BY_ALIGNMENT(.bss.$SRAM_LOWER*))
                0x1fff0000                . = ALIGN ((. != 0x0)?0x8:0x1)
                [!provide]                PROVIDE (__end_bss_RAM2, .)

.bss_RAM3       0x14000000        0x0
                [!provide]                PROVIDE (__start_bss_RAM3, .)
 *(SORT_BY_ALIGNMENT(.bss.$RAM3*))
 *(SORT_BY_ALIGNMENT(.bss.$FLEX_RAM*))
                0x14000000                . = ALIGN ((. != 0x0)?0x8:0x1)
                [!provide]                PROVIDE (__end_bss_RAM3, .)

.bss            0x20000b30     0x3bb8
                0x20000b30                _bss = .
 *(SORT_BY_ALIGNMENT(.bss*))
 .bss.OSCfg_IdleTaskStk
                0x20000b30      0x200 ./source/rtos/uCOSIII/src/uCOS-III/Source/os_cfg_app.o
                0x20000b30                OSCfg_IdleTaskStk
 .bss.OSCfg_ISRStk
                0x20000d30      0x200 ./source/rtos/uCOSIII/src/uCOS-III/Source/os_cfg_app.o
                0x20000d30                OSCfg_ISRStk
 .bss.OSCfg_MsgPool
                0x20000f30      0x640 ./source/rtos/uCOSIII/src/uCOS-III/Source/os_cfg_app.o
                0x20000f30                OSCfg_MsgPool
 .bss.OSCfg_StatTaskStk
                0x20001570      0x200 ./source/rtos/uCOSIII/src/uCOS-III/Source/os_cfg_app.o
                0x20001570                OSCfg_StatTaskStk
 .bss.OSCfg_TickTaskStk
                0x20001770      0x200 ./source/rtos/uCOSIII/src/uCOS-III/Source/os_cfg_app.o
                0x20001770                OSCfg_TickTaskStk
 .bss.OSCfg_TmrTaskStk
                0x20001970      0x200 ./source/rtos/uCOSIII/src/uCOS-III/Source/os_cfg_app.o
                0x20001970                OSCfg_TmrTaskStk
 .bss.OSPrioTbl
                0x20001b70        0x4 ./source/rtos/uCOSIII/src/uCOS-III/Source/os_prio.o
                0x20001b70                OSPrioTbl
 .bss.OS_AppTaskCreateHookPtr
                0x20001b74        0x4 ./source/rtos/uCOSIII/src/uCOS-III/Source/os_var.o
                0x20001b74                OS_AppTaskCreateHookPtr
 .bss.OS_AppTaskDelHookPtr
                0x20001b78        0x4 ./source/rtos/uCOSIII/src/uCOS-III/Source/os_var.o
                0x20001b78                OS_AppTaskDelHookPtr
 .bss.OS_AppTaskReturnHookPtr
                0x20001b7c        0x4 ./source/rtos/uCOSIII/src/uCOS-III/Source/os_var.o
                0x20001b7c                OS_AppTaskReturnHookPtr
 .bss.OS_AppIdleTaskHookPtr
                0x20001b80        0x4 ./source/rtos/uCOSIII/src/uCOS-III/Source/os_var.o
                0x20001b80                OS_AppIdleTaskHookPtr
 .bss.OS_AppStatTaskHookPtr
                0x20001b84        0x4 ./source/rtos/uCOSIII/src/uCOS-III/Source/os_var.o
                0x20001b84                OS_AppStatTaskHookPtr
 .bss.OS_AppTaskSwHookPtr
                0x20001b88        0x4 ./source/rtos/uCOSIII/src/uCOS-III/Source/os_var.o
                0x20001b88                OS_AppTaskSwHookPtr
 .bss.OS_AppTimeTickHookPtr
                0x20001b8c        0x4 ./source/rtos/uCOSIII/src/uCOS-III/Source/os_var.o
                0x20001b8c                OS_AppTimeTickHookPtr
 .bss.OSIdleTaskCtr
                0x20001b90        0x4 ./source/rtos/uCOSIII/src/uCOS-III/Source/os_var.o
                0x20001b90                OSIdleTaskCtr
 .bss.OSIdleTaskTCB
                0x20001b94       0xc4 ./source/rtos/uCOSIII/src/uCOS-III/Source/os_var.o
                0x20001b94                OSIdleTaskTCB
 .bss.OSFlagDbgListPtr
                0x20001c58        0x4 ./source/rtos/uCOSIII/src/uCOS-III/Source/os_var.o
                0x20001c58                OSFlagDbgListPtr
 .bss.OSMemDbgListPtr
                0x20001c5c        0x4 ./source/rtos/uCOSIII/src/uCOS-III/Source/os_var.o
                0x20001c5c                OSMemDbgListPtr
 .bss.OSMsgPool
                0x20001c60        0xc ./source/rtos/uCOSIII/src/uCOS-III/Source/os_var.o
                0x20001c60                OSMsgPool
 .bss.OSMutexDbgListPtr
                0x20001c6c        0x4 ./source/rtos/uCOSIII/src/uCOS-III/Source/os_var.o
                0x20001c6c                OSMutexDbgListPtr
 .bss.OSQDbgListPtr
                0x20001c70        0x4 ./source/rtos/uCOSIII/src/uCOS-III/Source/os_var.o
                0x20001c70                OSQDbgListPtr
 .bss.OSRdyList
                0x20001c74      0x180 ./source/rtos/uCOSIII/src/uCOS-III/Source/os_var.o
                0x20001c74                OSRdyList
 .bss.OSSchedRoundRobinDfltTimeQuanta
                0x20001df4        0x4 ./source/rtos/uCOSIII/src/uCOS-III/Source/os_var.o
                0x20001df4                OSSchedRoundRobinDfltTimeQuanta
 .bss.OSSemDbgListPtr
                0x20001df8        0x4 ./source/rtos/uCOSIII/src/uCOS-III/Source/os_var.o
                0x20001df8                OSSemDbgListPtr
 .bss.OSStatTaskCtr
                0x20001dfc        0x4 ./source/rtos/uCOSIII/src/uCOS-III/Source/os_var.o
                0x20001dfc                OSStatTaskCtr
 .bss.OSStatTaskCtrMax
                0x20001e00        0x4 ./source/rtos/uCOSIII/src/uCOS-III/Source/os_var.o
                0x20001e00                OSStatTaskCtrMax
 .bss.OSStatTaskCtrRun
                0x20001e04        0x4 ./source/rtos/uCOSIII/src/uCOS-III/Source/os_var.o
                0x20001e04                OSStatTaskCtrRun
 .bss.OSStatTaskTCB
                0x20001e08       0xc4 ./source/rtos/uCOSIII/src/uCOS-III/Source/os_var.o
                0x20001e08                OSStatTaskTCB
 .bss.OSStatTaskTimeMax
                0x20001ecc        0x4 ./source/rtos/uCOSIII/src/uCOS-III/Source/os_var.o
                0x20001ecc                OSStatTaskTimeMax
 .bss.OSTaskCtxSwCtr
                0x20001ed0        0x4 ./source/rtos/uCOSIII/src/uCOS-III/Source/os_var.o
                0x20001ed0                OSTaskCtxSwCtr
 .bss.OSTaskDbgListPtr
                0x20001ed4        0x4 ./source/rtos/uCOSIII/src/uCOS-III/Source/os_var.o
                0x20001ed4                OSTaskDbgListPtr
 .bss.OSTickCtr
                0x20001ed8        0x4 ./source/rtos/uCOSIII/src/uCOS-III/Source/os_var.o
                0x20001ed8                OSTickCtr
 .bss.OSTickTaskTCB
                0x20001edc       0xc4 ./source/rtos/uCOSIII/src/uCOS-III/Source/os_var.o
                0x20001edc                OSTickTaskTCB
 .bss.OSTickTaskTimeMax
                0x20001fa0        0x4 ./source/rtos/uCOSIII/src/uCOS-III/Source/os_var.o
                0x20001fa0                OSTickTaskTimeMax
 .bss.OSTickListDly
                0x20001fa4        0x8 ./source/rtos/uCOSIII/src/uCOS-III/Source/os_var.o
                0x20001fa4                OSTickListDly
 .bss.OSTickListTimeout
                0x20001fac        0x8 ./source/rtos/uCOSIII/src/uCOS-III/Source/os_var.o
                0x20001fac                OSTickListTimeout
 .bss.OSTmrDbgListPtr
                0x20001fb4        0x4 ./source/rtos/uCOSIII/src/uCOS-III/Source/os_var.o
                0x20001fb4                OSTmrDbgListPtr
 .bss.OSTmrListPtr
                0x20001fb8        0x4 ./source/rtos/uCOSIII/src/uCOS-III/Source/os_var.o
                0x20001fb8                OSTmrListPtr
 .bss.OSTmrMutex
                0x20001fbc       0x30 ./source/rtos/uCOSIII/src/uCOS-III/Source/os_var.o
                0x20001fbc                OSTmrMutex
 .bss.OSTmrTaskTCB
                0x20001fec       0xc4 ./source/rtos/uCOSIII/src/uCOS-III/Source/os_var.o
                0x20001fec                OSTmrTaskTCB
 .bss.OSTmrTaskTimeMax
                0x200020b0        0x4 ./source/rtos/uCOSIII/src/uCOS-III/Source/os_var.o
                0x200020b0                OSTmrTaskTimeMax
 .bss.OSTmrTickCtr
                0x200020b4        0x4 ./source/rtos/uCOSIII/src/uCOS-III/Source/os_var.o
                0x200020b4                OSTmrTickCtr
 .bss.OSTmrUpdateCnt
                0x200020b8        0x4 ./source/rtos/uCOSIII/src/uCOS-III/Source/os_var.o
                0x200020b8                OSTmrUpdateCnt
 .bss.OSTmrUpdateCtr
                0x200020bc        0x4 ./source/rtos/uCOSIII/src/uCOS-III/Source/os_var.o
                0x200020bc                OSTmrUpdateCtr
 .bss.OSTCBCurPtr
                0x200020c0        0x4 ./source/rtos/uCOSIII/src/uCOS-III/Source/os_var.o
                0x200020c0                OSTCBCurPtr
 .bss.OSTCBHighRdyPtr
                0x200020c4        0x4 ./source/rtos/uCOSIII/src/uCOS-III/Source/os_var.o
                0x200020c4                OSTCBHighRdyPtr
 .bss.OS_CPU_ExceptStkBase
                0x200020c8        0x4 ./source/rtos/uCOSIII/src/uCOS-III/Ports/ARM-Cortex-M4/Generic/GNU/os_cpu_c.o
                0x200020c8                OS_CPU_ExceptStkBase
 .bss.CPU_TS_TmrFreq_Hz
                0x200020cc        0x4 ./source/rtos/uCOSIII/src/uC-CPU/cpu_core.o
                0x200020cc                CPU_TS_TmrFreq_Hz
 .bss.word      0x200020d0        0x4 ./source/drv_display.o
 .bss.brillo    0x200020d4        0x4 ./source/drv_display.o
 .bss.ind.8596  0x200020d8        0x4 ./source/drv_display.o
 .bss.event_stack
                0x200020dc        0x4 ./source/drv_switch.o
 .bss.B_val     0x200020e0        0x4 ./source/drv_switch.o
 .bss.enc_sem   0x200020e4        0x4 ./source/drv_switch.o
 .bss.enc_sem_err
                0x200020e8        0x4 ./source/drv_switch.o
 .bss.counter.9551
                0x200020ec        0x4 ./source/drv_switch.o
 .bss.myScreen  0x200020f0        0xc ./source/fsm.o
 .bss.currPointer
                0x200020fc        0x8 ./source/fsm.o
 .bss.registeredUsers
                0x20002104      0x9c4 ./source/fsm.o
 .bss.usernum   0x20002ac8        0x4 ./source/fsm.o
 .bss.adminAddMode
                0x20002acc        0x4 ./source/fsm.o
 .bss.adminDelMode
                0x20002ad0        0x4 ./source/fsm.o
 .bss.ext_semaphore
                0x20002ad4        0x4 ./source/fsm.o
 .bss.err       0x20002ad8        0x4 ./source/fsm.o
 .bss.evStack   0x20002adc       0x64 ./source/fsm.o
 .bss.CALLBACKS
                0x20002b40      0x280 ./source/gpio.o
 .bss.cardInformation
                0x20002dc0       0x28 ./source/lectora.o
                0x20002dc0                cardInformation
 .bss.statusFlag
                0x20002de8        0x4 ./source/lectora.o
 .bss.absIndex  0x20002dec        0x4 ./source/lectora.o
 .bss.semaphore
                0x20002df0        0x4 ./source/lectora.o
 .bss.err       0x20002df4        0x4 ./source/lectora.o
 .bss.TaskStartTCB
                0x20002df8       0xc4 ./source/main.o
 .bss.TaskStartStk
                0x20002ebc      0x800 ./source/main.o
 .bss.Task_lectora_TCB
                0x200036bc       0xc4 ./source/main.o
 .bss.TaskLectoraStk
                0x20003780      0x400 ./source/main.o
 .bss.semTest_lectora
                0x20003b80       0x28 ./source/main.o
 .bss.Task_SendData_TCB
                0x20003ba8       0xc4 ./source/main.o
 .bss.TaskSendDataStk
                0x20003c6c      0x400 ./source/main.o
 .bss.semTest_SendData
                0x2000406c       0x28 ./source/main.o
 .bss.TaskEncoder
                0x20004094       0xc4 ./source/main.o
 .bss.TaskEncoderStk
                0x20004158      0x400 ./source/main.o
 .bss.semTest_encoder
                0x20004558       0x28 ./source/main.o
 .bss.AppQ      0x20004580       0x30 ./source/main.o
 .bss.result    0x200045b0        0x6 ./source/thingSpeakLib.o
 *fill*         0x200045b6        0x2 
 .bss.timers    0x200045b8      0x100 ./source/timer.o
 .bss.__LDM_interruptDisableCount
                0x200046b8        0x4 ./SDK/startup/hardware.o
 .bss.OSFlagQty
                0x200046bc        0x2 ./source/rtos/uCOSIII/src/uCOS-III/Source/os_var.o
                0x200046bc                OSFlagQty
 .bss.OSMemQty  0x200046be        0x2 ./source/rtos/uCOSIII/src/uCOS-III/Source/os_var.o
                0x200046be                OSMemQty
 .bss.OSMutexQty
                0x200046c0        0x2 ./source/rtos/uCOSIII/src/uCOS-III/Source/os_var.o
                0x200046c0                OSMutexQty
 .bss.OSQQty    0x200046c2        0x2 ./source/rtos/uCOSIII/src/uCOS-III/Source/os_var.o
                0x200046c2                OSQQty
 .bss.OSSemQty  0x200046c4        0x2 ./source/rtos/uCOSIII/src/uCOS-III/Source/os_var.o
                0x200046c4                OSSemQty
 .bss.OSStatTaskCPUUsage
                0x200046c6        0x2 ./source/rtos/uCOSIII/src/uCOS-III/Source/os_var.o
                0x200046c6                OSStatTaskCPUUsage
 .bss.OSStatTaskCPUUsageMax
                0x200046c8        0x2 ./source/rtos/uCOSIII/src/uCOS-III/Source/os_var.o
                0x200046c8                OSStatTaskCPUUsageMax
 .bss.OSTaskQty
                0x200046ca        0x2 ./source/rtos/uCOSIII/src/uCOS-III/Source/os_var.o
                0x200046ca                OSTaskQty
 .bss.OSTmrListEntries
                0x200046cc        0x2 ./source/rtos/uCOSIII/src/uCOS-III/Source/os_var.o
                0x200046cc                OSTmrListEntries
 .bss.os_err.9806
                0x200046ce        0x2 ./source/main.o
 .bss.os_err_timer.9807
                0x200046d0        0x2 ./source/main.o
 .bss.OSIntNestingCtr
                0x200046d2        0x1 ./source/rtos/uCOSIII/src/uCOS-III/Source/os_var.o
                0x200046d2                OSIntNestingCtr
 .bss.OSRunning
                0x200046d3        0x1 ./source/rtos/uCOSIII/src/uCOS-III/Source/os_var.o
                0x200046d3                OSRunning
 .bss.OSPrioCur
                0x200046d4        0x1 ./source/rtos/uCOSIII/src/uCOS-III/Source/os_var.o
                0x200046d4                OSPrioCur
 .bss.OSPrioHighRdy
                0x200046d5        0x1 ./source/rtos/uCOSIII/src/uCOS-III/Source/os_var.o
                0x200046d5                OSPrioHighRdy
 .bss.OSPrioSaved
                0x200046d6        0x1 ./source/rtos/uCOSIII/src/uCOS-III/Source/os_var.o
                0x200046d6                OSPrioSaved
 .bss.OSSchedLockNestingCtr
                0x200046d7        0x1 ./source/rtos/uCOSIII/src/uCOS-III/Source/os_var.o
                0x200046d7                OSSchedLockNestingCtr
 .bss.OSSchedRoundRobinEn
                0x200046d8        0x1 ./source/rtos/uCOSIII/src/uCOS-III/Source/os_var.o
                0x200046d8                OSSchedRoundRobinEn
 .bss.OSStatResetFlag
                0x200046d9        0x1 ./source/rtos/uCOSIII/src/uCOS-III/Source/os_var.o
                0x200046d9                OSStatResetFlag
 .bss.OSStatTaskRdy
                0x200046da        0x1 ./source/rtos/uCOSIII/src/uCOS-III/Source/os_var.o
                0x200046da                OSStatTaskRdy
 .bss.OSTaskRegNextAvailID
                0x200046db        0x1 ./source/rtos/uCOSIII/src/uCOS-III/Source/os_var.o
                0x200046db                OSTaskRegNextAvailID
 .bss.id_timer  0x200046dc        0x1 ./source/drv_FRDM.o